--
-- PLS_INTEGER / BINARY_INTEGER declaration support
--
DO LANGUAGE plisql $$
DECLARE
    p PLS_INTEGER := 1.5;
    b BINARY_INTEGER := -1.5;
BEGIN
    RAISE NOTICE 'pls_integer=%, binary_integer=%', p, b;
END;
$$;
NOTICE:  pls_integer=2, binary_integer=-2
CREATE OR REPLACE FUNCTION pls_integer_add(
    p PLS_INTEGER,
    b BINARY_INTEGER
) RETURN PLS_INTEGER
LANGUAGE plisql
AS $$
BEGIN
    RETURN p + b;
END;
$$;
/
SELECT pls_integer_add(2, 3) AS standalone_result;
 standalone_result 
-------------------
                 5
(1 row)

SELECT pg_get_function_identity_arguments('pls_integer_add'::regproc)
       AS stored_argument_types;
        stored_argument_types         
--------------------------------------
 p pg_catalog.int4, b pg_catalog.int4
(1 row)

SELECT pg_get_function_result('pls_integer_add'::regproc)
       AS stored_return_type;
 stored_return_type 
--------------------
 pg_catalog.int4
(1 row)

-- Preserve SETOF when an alias is rewritten to int4 in a routine signature.
CREATE OR REPLACE FUNCTION pls_integer_setof()
RETURNS SETOF PLS_INTEGER
LANGUAGE SQL
AS $$ VALUES (1), (2) $$;
/
SELECT proretset AS stored_setof
FROM pg_proc
WHERE oid = 'pls_integer_setof'::regproc;
 stored_setof 
--------------
 t
(1 row)

SELECT * FROM pls_integer_setof();
 pls_integer_setof 
-------------------
                 1
                 2
(2 rows)

CREATE OR REPLACE PACKAGE pls_integer_pkg IS
    FUNCTION echo_value(p IN PLS_INTEGER) RETURN BINARY_INTEGER;
END pls_integer_pkg;
/
CREATE OR REPLACE PACKAGE BODY pls_integer_pkg IS
    FUNCTION echo_value(p IN BINARY_INTEGER) RETURN PLS_INTEGER IS
    BEGIN
        RETURN p;
    END;
END pls_integer_pkg;
/
SELECT pls_integer_pkg.echo_value(7) AS package_alias_result;
 package_alias_result 
----------------------
                    7
(1 row)

-- Both spellings use signed 32-bit arithmetic.
DO LANGUAGE plisql $$
DECLARE
    p PLS_INTEGER := 2147483647;
BEGIN
    p := p + 1;
END;
$$;
ERROR:  integer out of range
CONTEXT:  PL/iSQL function inline_code_block line 5 at assignment
-- The PL/SQL-only aliases must not become ordinary SQL column or cast types.
CREATE TABLE bad_pls_integer_column (p PLS_INTEGER);
ERROR:  type "pls_integer" does not exist
LINE 1: CREATE TABLE bad_pls_integer_column (p PLS_INTEGER);
                                               ^
SELECT 1::PLS_INTEGER;
ERROR:  type "pls_integer" does not exist
LINE 1: SELECT 1::PLS_INTEGER;
                  ^
-- Quoted names remain ordinary user-defined SQL types.
CREATE DOMAIN "pls_integer" AS text;
CREATE OR REPLACE FUNCTION quoted_pls_integer(p "pls_integer")
RETURN text
LANGUAGE SQL IMMUTABLE
AS $$ SELECT p::text $$;
/
SELECT quoted_pls_integer('domain-value'::"pls_integer") AS quoted_type_result;
 quoted_type_result 
--------------------
 domain-value
(1 row)

SELECT pg_get_function_identity_arguments('quoted_pls_integer'::regproc)
       AS quoted_stored_type;
 quoted_stored_type 
--------------------
 p pls_integer
(1 row)

CREATE OR REPLACE FUNCTION unicode_quoted_pls_integer(p U&"pls_integer")
RETURN text
LANGUAGE SQL IMMUTABLE
AS $$ SELECT p::text $$;
/
SELECT pg_get_function_identity_arguments('unicode_quoted_pls_integer'::regproc)
       AS unicode_quoted_stored_type;
 unicode_quoted_stored_type 
----------------------------
 p pls_integer
(1 row)

CREATE SCHEMA alias_guard;
CREATE DOMAIN alias_guard.pls_integer AS text;
CREATE OR REPLACE FUNCTION qualified_pls_integer(p alias_guard.pls_integer)
RETURN text
LANGUAGE SQL IMMUTABLE
AS $$ SELECT p::text $$;
/
SELECT pg_get_function_identity_arguments('qualified_pls_integer'::regproc)
       AS qualified_stored_type;
   qualified_stored_type   
---------------------------
 p alias_guard.pls_integer
(1 row)

DO LANGUAGE plisql $$
DECLARE
    q "pls_integer" := 'local-domain';
    u U&"pls_integer" := 'unicode-domain';
BEGIN
    RAISE NOTICE 'quoted=%, unicode=%', q, u;
END;
$$;
NOTICE:  quoted=local-domain, unicode=unicode-domain
DROP FUNCTION qualified_pls_integer(alias_guard.pls_integer);
DROP DOMAIN alias_guard.pls_integer;
DROP SCHEMA alias_guard;
DROP FUNCTION unicode_quoted_pls_integer("pls_integer");
DROP FUNCTION quoted_pls_integer("pls_integer");
DROP DOMAIN "pls_integer";
DROP PACKAGE pls_integer_pkg;
DROP FUNCTION pls_integer_setof();
DROP FUNCTION pls_integer_add(integer, integer);
