--
-- DBMS_CRYPTO
--
-- Regression tests for Oracle-compatible DBMS_CRYPTO package:
--   - HASH (RAW and VARCHAR2 for MD5, SHA1, SHA256, SHA384, SHA512)
--   - MAC (HMAC-MD5, HMAC-SHA1, HMAC-SHA256, HMAC-SHA384, HMAC-SHA512)
--   - RANDOMBYTES
--   - RANDOMINTEGER
--   - Package algorithm constants
--
-- Package constants
SELECT dbms_crypto.hash_md4;
 hash_md4
----------
        1
(1 row)

SELECT dbms_crypto.hash_md5;
 hash_md5
----------
        2
(1 row)

SELECT dbms_crypto.hash_sh1;
 hash_sh1
----------
        3
(1 row)

SELECT dbms_crypto.hash_sh256;
 hash_sh256
------------
          4
(1 row)

SELECT dbms_crypto.hash_sh384;
 hash_sh384
------------
          5
(1 row)

SELECT dbms_crypto.hash_sh512;
 hash_sh512
------------
          6
(1 row)

SELECT dbms_crypto.hmac_md5;
 hmac_md5
----------
        1
(1 row)

SELECT dbms_crypto.hmac_sh1;
 hmac_sh1
----------
        2
(1 row)

SELECT dbms_crypto.hmac_sh256;
 hmac_sh256
------------
          3
(1 row)

SELECT dbms_crypto.hmac_sh384;
 hmac_sh384
------------
          4
(1 row)

SELECT dbms_crypto.hmac_sh512;
 hmac_sh512
------------
          5
(1 row)

-- HASH with VARCHAR2 input
-- MD5 of 'hello' is 5d41402abc4b2a76b9719d911017c592
SELECT dbms_crypto.hash('hello', dbms_crypto.hash_md5);
                hash
------------------------------------
 \x5d41402abc4b2a76b9719d911017c592
(1 row)

-- SHA-1 of 'hello' is aaf4c61ddcc5e8a2dabede0f3b482cd9aea9434d
SELECT dbms_crypto.hash('hello', dbms_crypto.hash_sh1);
                    hash
--------------------------------------------
 \xaaf4c61ddcc5e8a2dabede0f3b482cd9aea9434d
(1 row)

-- SHA-256 of 'hello' is 2cf24dba5fb0a30e26e83b2ac5b9e29e1b161e5c1fa7425e73043362938b9824
SELECT dbms_crypto.hash('hello', dbms_crypto.hash_sh256);
                                hash
--------------------------------------------------------------------
 \x2cf24dba5fb0a30e26e83b2ac5b9e29e1b161e5c1fa7425e73043362938b9824
(1 row)

-- SHA-384 of 'hello'
SELECT length(dbms_crypto.hash('hello', dbms_crypto.hash_sh384));
 length
--------
     48
(1 row)

-- SHA-512 of 'hello'
SELECT length(dbms_crypto.hash('hello', dbms_crypto.hash_sh512));
 length
--------
     64
(1 row)

-- HASH with RAW input
SELECT dbms_crypto.hash(E'\\x68656c6c6f'::bytea, dbms_crypto.hash_md5);
                hash
------------------------------------
 \x5d41402abc4b2a76b9719d911017c592
(1 row)

SELECT dbms_crypto.hash(E'\\x68656c6c6f'::bytea, dbms_crypto.hash_sh256);
                                hash
--------------------------------------------------------------------
 \x2cf24dba5fb0a30e26e83b2ac5b9e29e1b161e5c1fa7425e73043362938b9824
(1 row)

-- MAC (HMAC) calculations
SELECT dbms_crypto.mac('hello', dbms_crypto.hmac_md5, E'\\x6b6579'::bytea);
                mac
------------------------------------
 \x7c8a06900f931d8e1320436034177d61
(1 row)

SELECT dbms_crypto.mac('hello', dbms_crypto.hmac_sh256, E'\\x6b6579'::bytea);
                                mac
--------------------------------------------------------------------
 \xd9b1772f44c68832a870ee0640df18903c734da251df83e351811e58ae7a9ef9
(1 row)

SELECT dbms_crypto.mac(E'\\x68656c6c6f'::bytea, dbms_crypto.hmac_sh256, E'\\x6b6579'::bytea);
                                mac
--------------------------------------------------------------------
 \xd9b1772f44c68832a870ee0640df18903c734da251df83e351811e58ae7a9ef9
(1 row)

-- RANDOMBYTES length and non-null assertion
SELECT length(dbms_crypto.randombytes(16));
 length
--------
     16
(1 row)

SELECT length(dbms_crypto.randombytes(32));
 length
--------
     32
(1 row)

-- RANDOMINTEGER returns non-null integer
SELECT dbms_crypto.randominteger() IS NOT NULL;
 ?column?
----------
 t
(1 row)

-- NULL input handling
SELECT dbms_crypto.hash(NULL::bytea, dbms_crypto.hash_sh256) IS NULL;
 ?column?
----------
 t
(1 row)

SELECT dbms_crypto.hash(NULL::varchar2, dbms_crypto.hash_sh256) IS NULL;
 ?column?
----------
 t
(1 row)

SELECT dbms_crypto.mac(NULL::bytea, dbms_crypto.hmac_sh256, E'\\x6b6579'::bytea) IS NULL;
 ?column?
----------
 t
(1 row)

SELECT dbms_crypto.randombytes(NULL) IS NULL;
 ?column?
----------
 t
(1 row)

-- Invalid algorithm error checking
SELECT dbms_crypto.hash('hello', 999);
ERROR:  DBMS_CRYPTO: invalid or unsupported hash algorithm: 999
SELECT dbms_crypto.mac('hello', 999, E'\\x6b6579'::bytea);
ERROR:  DBMS_CRYPTO: invalid or unsupported MAC algorithm: 999
SELECT dbms_crypto.randombytes(-5);
ERROR:  DBMS_CRYPTO: number_bytes must be between 1 and 32767

-- Verify internal functions execute privilege revoked from PUBLIC (CWE-862)
SELECT p.proname, has_function_privilege('public', p.oid, 'EXECUTE') AS public_can_execute
  FROM pg_catalog.pg_proc p
  JOIN pg_catalog.pg_namespace n ON n.oid = p.pronamespace
 WHERE n.nspname = 'sys'
   AND p.proname IN ('dbms_crypto_hash',
                     'dbms_crypto_mac',
                     'dbms_crypto_randombytes',
                     'dbms_crypto_randominteger')
 ORDER BY p.proname;
          proname           | public_can_execute
----------------------------+--------------------
 dbms_crypto_hash           | f
 dbms_crypto_mac            | f
 dbms_crypto_randombytes    | f
 dbms_crypto_randominteger  | f
(4 rows)
