--
-- dbms_scheduler.sql
--
-- tests for the DBMS_SCHEDULER package (EDB-parity subset):
--   CREATE_JOB (2 overloads), CREATE_PROGRAM, CREATE_SCHEDULE,
--   DEFINE_PROGRAM_ARGUMENT (2), DISABLE, DROP_JOB, DROP_PROGRAM,
--   DROP_PROGRAM_ARGUMENT (2), DROP_SCHEDULE, ENABLE,
--   EVALUATE_CALENDAR_STRING, PURGE_LOG, RUN_JOB, SET_JOB_ARGUMENT_VALUE (2)
-- plus the USER_/DBA_SCHEDULER_* dictionary views.
--
-- Background execution is exercised by the TAP test (t/001_dbms_scheduler.pl);
-- everything here is synchronous and deterministic.  Jobs that get enabled
-- use start dates far in the future so the background scheduler (if one is
-- attached to this database) never picks them up.
--
SET timezone TO 'UTC';
-- Run under a fixed role so that object owners embedded in error messages
-- are stable regardless of the OS/bootstrap user running the test.  A
-- superuser role is needed because the test later creates sub-users and
-- switches session authorization between them.
CREATE ROLE regress_dbms_scheduler SUPERUSER;
SET SESSION AUTHORIZATION regress_dbms_scheduler;
--
-- calendar syntax: EVALUATE_CALENDAR_STRING
-- (fixed anchor and probe dates make the results deterministic)
--
-- 2026-01-01 is a Thursday; 2026-07-01 is a Wednesday.
SELECT sys.ora_dbms_scheduler_evaluate_calendar_string(
  'FREQ=DAILY;BYHOUR=9;BYMINUTE=30',
  '2026-01-01 00:00:00+00', '2026-07-01 12:00:00+00') AS daily_930;
             daily_930             
-----------------------------------
 2026-07-02 09:30:00.000000 +00:00
(1 row)

SELECT sys.ora_dbms_scheduler_evaluate_calendar_string(
  'FREQ=DAILY;INTERVAL=3',
  '2026-01-01 08:30:45+00', '2026-07-01 00:00:00+00') AS every3days_inherits_time;
     every3days_inherits_time      
-----------------------------------
 2026-07-03 08:30:45.000000 +00:00
(1 row)

SELECT sys.ora_dbms_scheduler_evaluate_calendar_string(
  'FREQ=WEEKLY;BYDAY=MON,WED,FRI;BYHOUR=6;BYMINUTE=0;BYSECOND=0',
  '2026-01-05 00:00:00+00', '2026-07-01 12:00:00+00') AS weekly_mwf;
            weekly_mwf             
-----------------------------------
 2026-07-03 06:00:00.000000 +00:00
(1 row)

SELECT sys.ora_dbms_scheduler_evaluate_calendar_string(
  'FREQ=MONTHLY;BYMONTHDAY=31;BYHOUR=12;BYMINUTE=0;BYSECOND=0',
  '2026-01-01 00:00:00+00', '2026-01-31 13:00:00+00') AS monthly_31st_skips_feb;
      monthly_31st_skips_feb       
-----------------------------------
 2026-03-31 12:00:00.000000 +00:00
(1 row)

SELECT sys.ora_dbms_scheduler_evaluate_calendar_string(
  'FREQ=MONTHLY;BYMONTHDAY=-1;BYHOUR=23;BYMINUTE=0;BYSECOND=0',
  '2026-01-01 00:00:00+00', '2026-02-01 00:00:00+00') AS monthly_last_day;
         monthly_last_day          
-----------------------------------
 2026-02-28 23:00:00.000000 +00:00
(1 row)

SELECT sys.ora_dbms_scheduler_evaluate_calendar_string(
  'FREQ=MONTHLY;BYDAY=2FRI;BYHOUR=10;BYMINUTE=0;BYSECOND=0',
  '2026-01-01 00:00:00+00', '2026-07-01 00:00:00+00') AS second_friday;
           second_friday           
-----------------------------------
 2026-07-10 10:00:00.000000 +00:00
(1 row)

SELECT sys.ora_dbms_scheduler_evaluate_calendar_string(
  'FREQ=MONTHLY;BYDAY=-1SUN;BYHOUR=10;BYMINUTE=0;BYSECOND=0',
  '2026-01-01 00:00:00+00', '2026-07-01 00:00:00+00') AS last_sunday;
            last_sunday            
-----------------------------------
 2026-07-26 10:00:00.000000 +00:00
(1 row)

SELECT sys.ora_dbms_scheduler_evaluate_calendar_string(
  'FREQ=YEARLY;BYMONTH=FEB;BYMONTHDAY=29;BYHOUR=0;BYMINUTE=0;BYSECOND=0',
  '2026-01-01 00:00:00+00', '2026-07-01 00:00:00+00') AS next_feb29_leap;
          next_feb29_leap          
-----------------------------------
 2028-02-29 00:00:00.000000 +00:00
(1 row)

SELECT sys.ora_dbms_scheduler_evaluate_calendar_string(
  'FREQ=HOURLY;INTERVAL=6',
  '2026-01-01 01:15:00+00', '2026-07-01 03:00:00+00') AS hourly6;
              hourly6              
-----------------------------------
 2026-07-01 07:15:00.000000 +00:00
(1 row)

SELECT sys.ora_dbms_scheduler_evaluate_calendar_string(
  'FREQ=MINUTELY;INTERVAL=30',
  '2026-01-01 00:05:00+00', '2026-07-01 00:20:00+00') AS minutely30;
            minutely30             
-----------------------------------
 2026-07-01 00:35:00.000000 +00:00
(1 row)

SELECT sys.ora_dbms_scheduler_evaluate_calendar_string(
  'FREQ=SECONDLY;INTERVAL=15',
  '2026-01-01 00:00:00+00', '2026-07-01 00:00:05+00') AS secondly15;
            secondly15             
-----------------------------------
 2026-07-01 00:00:15.000000 +00:00
(1 row)

-- lower case and embedded blanks are accepted
SELECT sys.ora_dbms_scheduler_evaluate_calendar_string(
  ' freq = daily ; byhour = 7 ; byminute = 0 ; bysecond = 0 ',
  '2026-01-01 00:00:00+00', '2026-07-01 12:00:00+00') AS case_blank_insensitive;
      case_blank_insensitive       
-----------------------------------
 2026-07-02 07:00:00.000000 +00:00
(1 row)

-- BYDATE: MMDD repeats every year, YYYYMMDD pins one absolute date
SELECT sys.ora_dbms_scheduler_evaluate_calendar_string(
  'FREQ=YEARLY;BYDATE=0101;BYHOUR=0;BYMINUTE=0;BYSECOND=0',
  '2026-01-01 00:00:00+00', '2026-07-01 00:00:00+00') AS bydate_mmdd;
            bydate_mmdd            
-----------------------------------
 2027-01-01 00:00:00.000000 +00:00
(1 row)

-- a second date in another month must be reached even without BYMONTH
SELECT sys.ora_dbms_scheduler_evaluate_calendar_string(
  'FREQ=YEARLY;BYDATE=0101,0701;BYHOUR=2;BYMINUTE=0;BYSECOND=0',
  '2026-01-01 00:00:00+00', '2026-03-01 00:00:00+00') AS bydate_two_months;
         bydate_two_months         
-----------------------------------
 2026-07-01 02:00:00.000000 +00:00
(1 row)

SELECT sys.ora_dbms_scheduler_evaluate_calendar_string(
  'FREQ=YEARLY;BYDATE=20270315;BYHOUR=9;BYMINUTE=30;BYSECOND=0',
  '2026-01-01 00:00:00+00', '2026-07-01 00:00:00+00') AS bydate_absolute;
          bydate_absolute          
-----------------------------------
 2027-03-15 09:30:00.000000 +00:00
(1 row)

-- 0229 is accepted and simply skips non-leap years
SELECT sys.ora_dbms_scheduler_evaluate_calendar_string(
  'FREQ=DAILY;BYDATE=0229;BYHOUR=0;BYMINUTE=0;BYSECOND=0',
  '2026-01-01 00:00:00+00', '2026-07-01 00:00:00+00') AS bydate_leap_day;
          bydate_leap_day          
-----------------------------------
 2028-02-29 00:00:00.000000 +00:00
(1 row)

SELECT sys.ora_dbms_scheduler_evaluate_calendar_string(
  'FREQ=MONTHLY;BYDATE=0115;BYHOUR=8;BYMINUTE=0;BYSECOND=0',
  '2026-01-01 00:00:00+00', '2026-07-01 00:00:00+00') AS bydate_monthly;
          bydate_monthly           
-----------------------------------
 2027-01-15 08:00:00.000000 +00:00
(1 row)

-- BY clauses intersect: only 0102 also satisfies BYMONTHDAY=2
SELECT sys.ora_dbms_scheduler_evaluate_calendar_string(
  'FREQ=YEARLY;BYDATE=0101,0102;BYMONTHDAY=2;BYHOUR=0;BYMINUTE=0;BYSECOND=0',
  '2026-01-01 00:00:00+00', '2026-07-01 00:00:00+00') AS bydate_intersects;
         bydate_intersects         
-----------------------------------
 2027-01-02 00:00:00.000000 +00:00
(1 row)

-- an ordinal on BYDAY narrows a BYMONTHDAY candidate set as well: the second
-- Monday falls on the 8th only in a month that starts on a Monday, so the
-- first match after the probe is 2027-02-08
SELECT sys.ora_dbms_scheduler_evaluate_calendar_string(
  'FREQ=MONTHLY;BYMONTHDAY=1,8,15;BYDAY=2MON;BYHOUR=0;BYMINUTE=0;BYSECOND=0',
  '2026-01-01 00:00:00+00', '2026-07-01 00:00:00+00') AS byday_ord_with_monthday;
      byday_ord_with_monthday      
-----------------------------------
 2027-02-08 00:00:00.000000 +00:00
(1 row)

-- a negative ordinal counts back from the last such weekday of the month
SELECT sys.ora_dbms_scheduler_evaluate_calendar_string(
  'FREQ=MONTHLY;BYMONTHDAY=1,8,15,22,29;BYDAY=-1WED;BYHOUR=0;BYMINUTE=0;BYSECOND=0',
  '2026-01-01 00:00:00+00', '2026-07-01 00:00:00+00') AS byday_negative_ord;
        byday_negative_ord         
-----------------------------------
 2026-07-29 00:00:00.000000 +00:00
(1 row)

-- BYMONTH also accepts the numeric form
SELECT sys.ora_dbms_scheduler_evaluate_calendar_string(
  'FREQ=YEARLY;BYMONTH=2;BYMONTHDAY=29;BYHOUR=0;BYMINUTE=0;BYSECOND=0',
  '2026-01-01 00:00:00+00', '2026-07-01 00:00:00+00') AS bymonth_numeric;
          bymonth_numeric          
-----------------------------------
 2028-02-29 00:00:00.000000 +00:00
(1 row)

-- BYDAY also accepts the numeric form, 1 = Monday .. 7 = Sunday
SELECT sys.ora_dbms_scheduler_evaluate_calendar_string(
  'FREQ=WEEKLY;BYDAY=1;BYHOUR=6;BYMINUTE=0;BYSECOND=0',
  '2026-01-05 00:00:00+00', '2026-07-01 00:00:00+00') AS byday_numeric_monday;
       byday_numeric_monday        
-----------------------------------
 2026-07-06 06:00:00.000000 +00:00
(1 row)

SELECT sys.ora_dbms_scheduler_evaluate_calendar_string(
  'FREQ=WEEKLY;BYDAY=7;BYHOUR=6;BYMINUTE=0;BYSECOND=0',
  '2026-01-05 00:00:00+00', '2026-07-01 00:00:00+00') AS byday_numeric_sunday;
       byday_numeric_sunday        
-----------------------------------
 2026-07-05 06:00:00.000000 +00:00
(1 row)

-- calendar errors
SELECT sys.ora_dbms_scheduler_evaluate_calendar_string(
  'BYHOUR=9', '2026-01-01 00:00:00+00', '2026-07-01 00:00:00+00');
ERROR:  invalid calendar string "BYHOUR=9"
DETAIL:  FREQ clause is required.
SELECT sys.ora_dbms_scheduler_evaluate_calendar_string(
  'FREQ=FORTNIGHTLY', '2026-01-01 00:00:00+00', '2026-07-01 00:00:00+00');
ERROR:  invalid calendar string "FREQ=FORTNIGHTLY"
DETAIL:  FREQ must be one of YEARLY, MONTHLY, WEEKLY, DAILY, HOURLY, MINUTELY or SECONDLY.
SELECT sys.ora_dbms_scheduler_evaluate_calendar_string(
  'FREQ=DAILY;INTERVAL=0', '2026-01-01 00:00:00+00', '2026-07-01 00:00:00+00');
ERROR:  invalid calendar string "FREQ=DAILY;INTERVAL=0"
DETAIL:  INTERVAL must be 1 through 99.
SELECT sys.ora_dbms_scheduler_evaluate_calendar_string(
  'FREQ=DAILY;INTERVAL=100', '2026-01-01 00:00:00+00', '2026-07-01 00:00:00+00');
ERROR:  invalid calendar string "FREQ=DAILY;INTERVAL=100"
DETAIL:  INTERVAL must be 1 through 99.
SELECT sys.ora_dbms_scheduler_evaluate_calendar_string(
  'FREQ=DAILY;BYHOUR=24', '2026-01-01 00:00:00+00', '2026-07-01 00:00:00+00');
ERROR:  invalid calendar string "FREQ=DAILY;BYHOUR=24"
DETAIL:  BYHOUR values must be 0 through 23.
SELECT sys.ora_dbms_scheduler_evaluate_calendar_string(
  'FREQ=WEEKLY;BYDAY=XYZ', '2026-01-01 00:00:00+00', '2026-07-01 00:00:00+00');
ERROR:  invalid calendar string "FREQ=WEEKLY;BYDAY=XYZ"
DETAIL:  BYDAY values must be day names (MON through SUN) or 1 through 7, with an optional ordinal.
SELECT sys.ora_dbms_scheduler_evaluate_calendar_string(
  'FREQ=DAILY;BYHOUR=1;BYHOUR=2', '2026-01-01 00:00:00+00', '2026-07-01 00:00:00+00');
ERROR:  invalid calendar string "FREQ=DAILY;BYHOUR=1;BYHOUR=2"
DETAIL:  duplicate BYHOUR clause.
SELECT sys.ora_dbms_scheduler_evaluate_calendar_string(
  'FREQ=DAILY;BYSETPOS=1', '2026-01-01 00:00:00+00', '2026-07-01 00:00:00+00');
ERROR:  invalid calendar string "FREQ=DAILY;BYSETPOS=1"
DETAIL:  Clause "BYSETPOS" is not supported.
SELECT sys.ora_dbms_scheduler_evaluate_calendar_string(
  'FREQ=WEEKLY;BYDAY=2FRI', '2026-01-01 00:00:00+00', '2026-07-01 00:00:00+00');
ERROR:  invalid calendar string "FREQ=WEEKLY;BYDAY=2FRI"
DETAIL:  BYDAY ordinals are only supported with FREQ=YEARLY or FREQ=MONTHLY.
SELECT sys.ora_dbms_scheduler_evaluate_calendar_string(
  'FREQ=WEEKLY;BYDAY=8', '2026-01-01 00:00:00+00', '2026-07-01 00:00:00+00');
ERROR:  invalid calendar string "FREQ=WEEKLY;BYDAY=8"
DETAIL:  BYDAY values must be day names (MON through SUN) or 1 through 7, with an optional ordinal.
-- BYDATE errors
SELECT sys.ora_dbms_scheduler_evaluate_calendar_string(
  'FREQ=YEARLY;BYDATE=123', '2026-01-01 00:00:00+00', '2026-07-01 00:00:00+00');
ERROR:  invalid calendar string "FREQ=YEARLY;BYDATE=123"
DETAIL:  BYDATE values must be YYYYMMDD or MMDD.
SELECT sys.ora_dbms_scheduler_evaluate_calendar_string(
  'FREQ=YEARLY;BYDATE=1301', '2026-01-01 00:00:00+00', '2026-07-01 00:00:00+00');
ERROR:  invalid calendar string "FREQ=YEARLY;BYDATE=1301"
DETAIL:  BYDATE month must be 01 through 12.
SELECT sys.ora_dbms_scheduler_evaluate_calendar_string(
  'FREQ=YEARLY;BYDATE=0132', '2026-01-01 00:00:00+00', '2026-07-01 00:00:00+00');
ERROR:  invalid calendar string "FREQ=YEARLY;BYDATE=0132"
DETAIL:  BYDATE day must be 01 through 31.
SELECT sys.ora_dbms_scheduler_evaluate_calendar_string(
  'FREQ=YEARLY;BYDATE=20260230', '2026-01-01 00:00:00+00', '2026-07-01 00:00:00+00');
ERROR:  invalid calendar string "FREQ=YEARLY;BYDATE=20260230"
DETAIL:  BYDATE day is out of range for its month.
SELECT sys.ora_dbms_scheduler_evaluate_calendar_string(
  'FREQ=YEARLY;BYDATE=0101;BYDATE=0202',
  '2026-01-01 00:00:00+00', '2026-07-01 00:00:00+00');
ERROR:  invalid calendar string "FREQ=YEARLY;BYDATE=0101;BYDATE=0202"
DETAIL:  duplicate BYDATE clause.
-- pattern that never yields a date
SELECT sys.ora_dbms_scheduler_evaluate_calendar_string(
  'FREQ=YEARLY;BYMONTH=FEB;BYMONTHDAY=30',
  '2026-01-01 00:00:00+00', '2026-07-01 00:00:00+00');
ERROR:  calendar string "FREQ=YEARLY;BYMONTH=FEB;BYMONTHDAY=30" does not yield a date after the given time
-- an absolute BYDATE entirely in the past yields nothing either
SELECT sys.ora_dbms_scheduler_evaluate_calendar_string(
  'FREQ=YEARLY;BYDATE=20200101',
  '2026-01-01 00:00:00+00', '2026-07-01 00:00:00+00');
ERROR:  calendar string "FREQ=YEARLY;BYDATE=20200101" does not yield a date after the given time
-- package-level OUT parameter form
DECLARE
  next_d TIMESTAMP WITH TIME ZONE;
BEGIN
  dbms_scheduler.evaluate_calendar_string('FREQ=DAILY;BYHOUR=9;BYMINUTE=30;BYSECOND=0',
     TIMESTAMP '2026-01-01 00:00:00 +00:00', TIMESTAMP '2026-07-01 12:00:00 +00:00', next_d);
  RAISE NOTICE 'next: %', next_d;
END;
/
NOTICE:  next: 2026-07-02 09:30:00.000000 +00:00
--
-- test fixtures
--
CREATE TABLE sched_reg_t (id int, note varchar2(200));
CREATE OR REPLACE PROCEDURE sched_reg_proc(x NUMBER, y VARCHAR2) IS
BEGIN
  INSERT INTO sched_reg_t VALUES (x, y);
END;
/
--
-- CREATE_PROGRAM / DEFINE_PROGRAM_ARGUMENT / DROP_PROGRAM_ARGUMENT
--
BEGIN
  dbms_scheduler.create_program('reg_prog', 'STORED_PROCEDURE', 'sched_reg_proc',
                                2, FALSE, 'regression test program');
END;
/
-- duplicate name
BEGIN
  dbms_scheduler.create_program('reg_prog', 'PLSQL_BLOCK', 'BEGIN NULL; END;');
END;
/
ERROR:  scheduler object "regress_dbms_scheduler"."REG_PROG" already exists
DETAIL:  A program of that name already exists; jobs, programs and schedules share one namespace.
CONTEXT:  SQL statement "SELECT sys.ora_dbms_scheduler_create_program(program_name,
			program_type, program_action, number_of_arguments, enabled,
			comments)"
PL/iSQL function sys.dbms_scheduler.create_program line 34 at PERFORM
SQL statement "CALL dbms_scheduler.create_program('reg_prog', 'PLSQL_BLOCK', 'BEGIN NULL; END;')"
PL/iSQL function inline_code_block line 2 at CALL
-- unsupported program type
BEGIN
  dbms_scheduler.create_program('reg_prog2', 'EXECUTABLE', '/bin/true');
END;
/
ERROR:  program_type "EXECUTABLE" is not supported
HINT:  Supported types are PLSQL_BLOCK and STORED_PROCEDURE.
CONTEXT:  SQL statement "SELECT sys.ora_dbms_scheduler_create_program(program_name,
			program_type, program_action, number_of_arguments, enabled,
			comments)"
PL/iSQL function sys.dbms_scheduler.create_program line 34 at PERFORM
SQL statement "CALL dbms_scheduler.create_program('reg_prog2', 'EXECUTABLE', '/bin/true')"
PL/iSQL function inline_code_block line 2 at CALL
-- number_of_arguments is ignored (with a warning) for a PLSQL_BLOCK program
BEGIN
  dbms_scheduler.create_program('reg_prog_nargs', 'PLSQL_BLOCK', 'BEGIN NULL; END;',
                                number_of_arguments => 1);
END;
/
WARNING:  number_of_arguments is ignored for a PLSQL_BLOCK program
SELECT program_name, number_of_arguments FROM user_scheduler_programs
  WHERE program_name = 'REG_PROG_NARGS';
  program_name  | number_of_arguments 
----------------+---------------------
 REG_PROG_NARGS |                   0
(1 row)

-- the range check still rejects an out-of-range count for either type
BEGIN
  dbms_scheduler.create_program('reg_prog_bad', 'PLSQL_BLOCK', 'BEGIN NULL; END;',
                                number_of_arguments => 300);
END;
/
ERROR:  number_of_arguments must be between 0 and 255
CONTEXT:  SQL statement "SELECT sys.ora_dbms_scheduler_create_program(program_name,
			program_type, program_action, number_of_arguments, enabled,
			comments)"
PL/iSQL function sys.dbms_scheduler.create_program line 34 at PERFORM
SQL statement "CALL dbms_scheduler.create_program('reg_prog_bad', 'PLSQL_BLOCK', 'BEGIN NULL; END;',
                                number_of_arguments => 300)"
PL/iSQL function inline_code_block line 2 at CALL
-- PROCEDURE is accepted as a spelling of STORED_PROCEDURE
BEGIN
  dbms_scheduler.create_program('reg_prog_alias', 'PROCEDURE', 'sched_reg_proc', 0);
END;
/
SELECT program_name, program_type FROM user_scheduler_programs
  WHERE program_name = 'REG_PROG_ALIAS';
  program_name  |   program_type   
----------------+------------------
 REG_PROG_ALIAS | STORED_PROCEDURE
(1 row)

BEGIN
  dbms_scheduler.drop_program('reg_prog_alias');
END;
/
BEGIN
  dbms_scheduler.drop_program('reg_prog_nargs');
END;
/
-- cannot enable while arguments are undefined
BEGIN
  dbms_scheduler.enable('reg_prog');
END;
/
ERROR:  cannot enable program "regress_dbms_scheduler"."REG_PROG": argument 1 is not defined
CONTEXT:  SQL statement "SELECT sys.ora_dbms_scheduler_enable(name, commit_semantics)"
PL/iSQL function sys.dbms_scheduler.enable line 117 at PERFORM
SQL statement "CALL dbms_scheduler.enable('reg_prog')"
PL/iSQL function inline_code_block line 2 at CALL
-- argument definitions (overload without and with default_value)
BEGIN
  dbms_scheduler.define_program_argument(program_name => 'reg_prog',
      argument_position => 1, argument_name => 'x', argument_type => 'NUMBER');
  dbms_scheduler.define_program_argument(program_name => 'reg_prog',
      argument_position => 2, argument_name => 'y', argument_type => 'VARCHAR2',
      default_value => 'y-default');
END;
/
-- argument position out of range
BEGIN
  dbms_scheduler.define_program_argument(program_name => 'reg_prog',
      argument_position => 3, argument_type => 'NUMBER');
END;
/
ERROR:  argument_position 3 is out of range for program "regress_dbms_scheduler"."REG_PROG" (1 .. 2)
CONTEXT:  SQL statement "SELECT sys.ora_dbms_scheduler_define_program_argument(program_name,
			argument_position, argument_name, argument_type, NULL, false,
			out_argument)"
PL/iSQL function sys.dbms_scheduler.define_program_argument line 55 at PERFORM
SQL statement "CALL dbms_scheduler.define_program_argument(program_name => 'reg_prog',
      argument_position => 3, argument_type => 'NUMBER')"
PL/iSQL function inline_code_block line 2 at CALL
-- OUT arguments are not supported
BEGIN
  dbms_scheduler.define_program_argument(program_name => 'reg_prog',
      argument_position => 1, argument_type => 'NUMBER', out_argument => TRUE);
END;
/
ERROR:  OUT arguments are not supported
CONTEXT:  SQL statement "SELECT sys.ora_dbms_scheduler_define_program_argument(program_name,
			argument_position, argument_name, argument_type, NULL, false,
			out_argument)"
PL/iSQL function sys.dbms_scheduler.define_program_argument line 55 at PERFORM
SQL statement "CALL dbms_scheduler.define_program_argument(program_name => 'reg_prog',
      argument_position => 1, argument_type => 'NUMBER', out_argument => TRUE)"
PL/iSQL function inline_code_block line 2 at CALL
BEGIN
  dbms_scheduler.enable('reg_prog');
END;
/
SELECT program_name, program_type, program_action, number_of_arguments, enabled
  FROM user_scheduler_programs ORDER BY program_name;
 program_name |   program_type   | program_action | number_of_arguments | enabled 
--------------+------------------+----------------+---------------------+---------
 REG_PROG     | STORED_PROCEDURE | sched_reg_proc |                   2 | t
(1 row)

SELECT program_name, argument_position, argument_name, argument_type, default_value
  FROM user_scheduler_program_args ORDER BY argument_position;
 program_name | argument_position | argument_name | argument_type | default_value 
--------------+-------------------+---------------+---------------+---------------
 REG_PROG     |                 1 | X             | NUMBER        | 
 REG_PROG     |                 2 | Y             | VARCHAR2      | y-default
(2 rows)

-- drop argument by position and by name; errors on unknown ones
BEGIN
  dbms_scheduler.drop_program_argument('reg_prog', 1);
END;
/
BEGIN
  dbms_scheduler.drop_program_argument('reg_prog', 1);
END;
/
ERROR:  argument 1 of program "regress_dbms_scheduler"."REG_PROG" is not defined
CONTEXT:  SQL statement "SELECT sys.ora_dbms_scheduler_drop_program_argument_pos(program_name,
			argument_position)"
PL/iSQL function sys.dbms_scheduler.drop_program_argument line 97 at PERFORM
SQL statement "CALL dbms_scheduler.drop_program_argument('reg_prog', 1)"
PL/iSQL function inline_code_block line 2 at CALL
BEGIN
  dbms_scheduler.drop_program_argument('reg_prog', 'y');
END;
/
BEGIN
  dbms_scheduler.drop_program_argument('reg_prog', 'nosucharg');
END;
/
ERROR:  argument "NOSUCHARG" of program "regress_dbms_scheduler"."REG_PROG" is not defined
CONTEXT:  SQL statement "SELECT sys.ora_dbms_scheduler_drop_program_argument_name(program_name,
			argument_name)"
PL/iSQL function sys.dbms_scheduler.drop_program_argument line 104 at PERFORM
SQL statement "CALL dbms_scheduler.drop_program_argument('reg_prog', 'nosucharg')"
PL/iSQL function inline_code_block line 2 at CALL
SELECT count(*) AS remaining_args FROM user_scheduler_program_args;
 remaining_args 
----------------
              0
(1 row)

-- put them back for later job tests
BEGIN
  dbms_scheduler.define_program_argument(program_name => 'reg_prog',
      argument_position => 1, argument_name => 'x', argument_type => 'NUMBER');
  dbms_scheduler.define_program_argument(program_name => 'reg_prog',
      argument_position => 2, argument_name => 'y', argument_type => 'VARCHAR2',
      default_value => 'y-default');
END;
/
--
-- CREATE_SCHEDULE / DROP_SCHEDULE
--
BEGIN
  dbms_scheduler.create_schedule('reg_sched',
      start_date => TIMESTAMP '2199-01-01 00:00:00 +00:00',
      repeat_interval => 'FREQ=DAILY;BYHOUR=3;BYMINUTE=0;BYSECOND=0');
END;
/
-- at least one of start_date / repeat_interval is required
BEGIN
  dbms_scheduler.create_schedule('reg_sched2');
END;
/
ERROR:  either start_date or repeat_interval must be specified
CONTEXT:  SQL statement "SELECT sys.ora_dbms_scheduler_create_schedule(schedule_name,
			start_date, repeat_interval, end_date, comments)"
PL/iSQL function sys.dbms_scheduler.create_schedule line 45 at PERFORM
SQL statement "CALL dbms_scheduler.create_schedule('reg_sched2')"
PL/iSQL function inline_code_block line 2 at CALL
-- calendar syntax is validated at creation
BEGIN
  dbms_scheduler.create_schedule('reg_sched2', repeat_interval => 'FREQ=BROKEN');
END;
/
ERROR:  invalid calendar string "FREQ=BROKEN"
DETAIL:  FREQ must be one of YEARLY, MONTHLY, WEEKLY, DAILY, HOURLY, MINUTELY or SECONDLY.
CONTEXT:  SQL statement "SELECT sys.ora_dbms_scheduler_create_schedule(schedule_name,
			start_date, repeat_interval, end_date, comments)"
PL/iSQL function sys.dbms_scheduler.create_schedule line 45 at PERFORM
SQL statement "CALL dbms_scheduler.create_schedule('reg_sched2', repeat_interval => 'FREQ=BROKEN')"
PL/iSQL function inline_code_block line 2 at CALL
-- end_date must be after start_date
BEGIN
  dbms_scheduler.create_schedule('reg_sched2',
      start_date => TIMESTAMP '2199-01-02 00:00:00 +00:00',
      end_date   => TIMESTAMP '2199-01-01 00:00:00 +00:00');
END;
/
ERROR:  end_date must be later than start_date
CONTEXT:  SQL statement "SELECT sys.ora_dbms_scheduler_create_schedule(schedule_name,
			start_date, repeat_interval, end_date, comments)"
PL/iSQL function sys.dbms_scheduler.create_schedule line 45 at PERFORM
SQL statement "CALL dbms_scheduler.create_schedule('reg_sched2',
      start_date => TIMESTAMP '2199-01-02 00:00:00 +00:00',
      end_date   => TIMESTAMP '2199-01-01 00:00:00 +00:00')"
PL/iSQL function inline_code_block line 2 at CALL
-- BYDATE is accepted on the CREATE_SCHEDULE path too
BEGIN
  dbms_scheduler.create_schedule('reg_sched_bydate',
      start_date => TIMESTAMP '2199-01-01 00:00:00 +00:00',
      repeat_interval => 'FREQ=YEARLY;BYDATE=0101,0701;BYHOUR=4;BYMINUTE=0;BYSECOND=0');
END;
/
SELECT schedule_name, repeat_interval FROM user_scheduler_schedules ORDER BY schedule_name;
  schedule_name   |                       repeat_interval                       
------------------+-------------------------------------------------------------
 REG_SCHED        | FREQ=DAILY;BYHOUR=3;BYMINUTE=0;BYSECOND=0
 REG_SCHED_BYDATE | FREQ=YEARLY;BYDATE=0101,0701;BYHOUR=4;BYMINUTE=0;BYSECOND=0
(2 rows)

BEGIN
  dbms_scheduler.drop_schedule('reg_sched_bydate');
END;
/
--
-- CREATE_JOB (both overloads)
--
BEGIN
  dbms_scheduler.create_job(job_name => 'reg_job_inline', job_type => 'PLSQL_BLOCK',
      job_action => 'BEGIN INSERT INTO sched_reg_t VALUES (1, ''inline''); END;');
END;
/
-- jobs, programs and schedules share a namespace
BEGIN
  dbms_scheduler.create_job(job_name => 'reg_prog', job_type => 'PLSQL_BLOCK',
      job_action => 'BEGIN NULL; END;');
END;
/
ERROR:  scheduler object "regress_dbms_scheduler"."REG_PROG" already exists
DETAIL:  A program of that name already exists; jobs, programs and schedules share one namespace.
CONTEXT:  SQL statement "SELECT sys.ora_dbms_scheduler_create_job_inline(job_name, job_type,
			job_action, number_of_arguments, start_date, repeat_interval,
			end_date, job_class, enabled, auto_drop, comments)"
PL/iSQL function sys.dbms_scheduler.create_job line 12 at PERFORM
SQL statement "CALL dbms_scheduler.create_job(job_name => 'reg_prog', job_type => 'PLSQL_BLOCK',
      job_action => 'BEGIN NULL; END;')"
PL/iSQL function inline_code_block line 2 at CALL
-- number_of_arguments is ignored (with a warning) for a PLSQL_BLOCK job
BEGIN
  dbms_scheduler.create_job(job_name => 'reg_job_nargs', job_type => 'PLSQL_BLOCK',
      job_action => 'BEGIN NULL; END;', number_of_arguments => 2);
END;
/
WARNING:  number_of_arguments is ignored for a PLSQL_BLOCK job
SELECT job_name, number_of_arguments FROM user_scheduler_jobs
  WHERE job_name = 'REG_JOB_NARGS';
   job_name    | number_of_arguments 
---------------+---------------------
 REG_JOB_NARGS |                   0
(1 row)

BEGIN
  dbms_scheduler.drop_job('reg_job_nargs');
END;
/
-- unsupported job type
BEGIN
  dbms_scheduler.create_job(job_name => 'reg_job_bad', job_type => 'CHAIN',
      job_action => 'c1');
END;
/
ERROR:  job_type "CHAIN" is not supported
HINT:  Supported types are PLSQL_BLOCK and STORED_PROCEDURE.
CONTEXT:  SQL statement "SELECT sys.ora_dbms_scheduler_create_job_inline(job_name, job_type,
			job_action, number_of_arguments, start_date, repeat_interval,
			end_date, job_class, enabled, auto_drop, comments)"
PL/iSQL function sys.dbms_scheduler.create_job line 12 at PERFORM
SQL statement "CALL dbms_scheduler.create_job(job_name => 'reg_job_bad', job_type => 'CHAIN',
      job_action => 'c1')"
PL/iSQL function inline_code_block line 2 at CALL
-- named-program job; job_class/auto_drop/comments are accepted
BEGIN
  dbms_scheduler.create_job(job_name => 'reg_job_named', program_name => 'reg_prog',
      schedule_name => 'reg_sched', job_class => 'SOME_CLASS',
      auto_drop => FALSE, comments => 'named job');
END;
/
-- referencing a missing program
BEGIN
  dbms_scheduler.create_job(job_name => 'reg_job_bad', program_name => 'no_prog',
      schedule_name => 'reg_sched');
END;
/
ERROR:  program "regress_dbms_scheduler"."NO_PROG" does not exist
CONTEXT:  SQL statement "SELECT sys.ora_dbms_scheduler_create_job_named(job_name, program_name,
			schedule_name, job_class, enabled, auto_drop, comments)"
PL/iSQL function sys.dbms_scheduler.create_job line 24 at PERFORM
SQL statement "CALL dbms_scheduler.create_job(job_name => 'reg_job_bad', program_name => 'no_prog',
      schedule_name => 'reg_sched')"
PL/iSQL function inline_code_block line 2 at CALL
SELECT job_name, job_type, program_name, schedule_name, enabled, state
  FROM user_scheduler_jobs ORDER BY job_name;
    job_name    |  job_type   | program_name | schedule_name | enabled |  state   
----------------+-------------+--------------+---------------+---------+----------
 REG_JOB_INLINE | PLSQL_BLOCK |              |               | f       | DISABLED
 REG_JOB_NAMED  |             | REG_PROG     | REG_SCHED     | f       | DISABLED
(2 rows)

--
-- SET_JOB_ARGUMENT_VALUE (by position and by name)
--
BEGIN
  dbms_scheduler.set_job_argument_value('reg_job_named', 1, '11');
END;
/
BEGIN
  dbms_scheduler.set_job_argument_value('reg_job_named', 'y', 'y-set');
END;
/
-- out of range / unknown name / job without named arguments
BEGIN
  dbms_scheduler.set_job_argument_value('reg_job_named', 3, 'x');
END;
/
ERROR:  argument_position 3 is out of range for job "regress_dbms_scheduler"."REG_JOB_NAMED" (1 .. 2)
CONTEXT:  SQL statement "SELECT sys.ora_dbms_scheduler_set_job_argument_value_pos(job_name,
			argument_position, argument_value)"
PL/iSQL function sys.dbms_scheduler.set_job_argument_value line 147 at PERFORM
SQL statement "CALL dbms_scheduler.set_job_argument_value('reg_job_named', 3, 'x')"
PL/iSQL function inline_code_block line 2 at CALL
BEGIN
  dbms_scheduler.set_job_argument_value('reg_job_named', 'nosucharg', 'x');
END;
/
ERROR:  program "regress_dbms_scheduler"."REG_PROG" has no argument named "NOSUCHARG"
CONTEXT:  SQL statement "SELECT sys.ora_dbms_scheduler_set_job_argument_value_name(job_name,
			argument_name, argument_value)"
PL/iSQL function sys.dbms_scheduler.set_job_argument_value line 155 at PERFORM
SQL statement "CALL dbms_scheduler.set_job_argument_value('reg_job_named', 'nosucharg', 'x')"
PL/iSQL function inline_code_block line 2 at CALL
BEGIN
  dbms_scheduler.set_job_argument_value('reg_job_inline', 'y', 'x');
END;
/
ERROR:  job "regress_dbms_scheduler"."REG_JOB_INLINE" has no named arguments
HINT:  Only jobs that reference a program have named arguments.
CONTEXT:  SQL statement "SELECT sys.ora_dbms_scheduler_set_job_argument_value_name(job_name,
			argument_name, argument_value)"
PL/iSQL function sys.dbms_scheduler.set_job_argument_value line 155 at PERFORM
SQL statement "CALL dbms_scheduler.set_job_argument_value('reg_job_inline', 'y', 'x')"
PL/iSQL function inline_code_block line 2 at CALL
SELECT job_name, argument_position, value FROM user_scheduler_job_args
  ORDER BY argument_position;
   job_name    | argument_position | value 
---------------+-------------------+-------
 REG_JOB_NAMED |                 1 | 11
 REG_JOB_NAMED |                 2 | y-set
(2 rows)

--
-- ENABLE / DISABLE
--
-- schedules cannot be enabled or disabled
BEGIN
  dbms_scheduler.enable('reg_sched');
END;
/
ERROR:  schedule "regress_dbms_scheduler"."REG_SCHED" cannot be enabled
CONTEXT:  SQL statement "SELECT sys.ora_dbms_scheduler_enable(name, commit_semantics)"
PL/iSQL function sys.dbms_scheduler.enable line 117 at PERFORM
SQL statement "CALL dbms_scheduler.enable('reg_sched')"
PL/iSQL function inline_code_block line 2 at CALL
BEGIN
  dbms_scheduler.disable('reg_sched');
END;
/
ERROR:  schedule "regress_dbms_scheduler"."REG_SCHED" cannot be disabled
CONTEXT:  SQL statement "SELECT sys.ora_dbms_scheduler_disable(name, force, commit_semantics)"
PL/iSQL function sys.dbms_scheduler.disable line 76 at PERFORM
SQL statement "CALL dbms_scheduler.disable('reg_sched')"
PL/iSQL function inline_code_block line 2 at CALL
-- unknown object
BEGIN
  dbms_scheduler.enable('no_such_object');
END;
/
ERROR:  scheduler object "regress_dbms_scheduler"."NO_SUCH_OBJECT" does not exist
CONTEXT:  SQL statement "SELECT sys.ora_dbms_scheduler_enable(name, commit_semantics)"
PL/iSQL function sys.dbms_scheduler.enable line 117 at PERFORM
SQL statement "CALL dbms_scheduler.enable('no_such_object')"
PL/iSQL function inline_code_block line 2 at CALL
-- commit_semantics values are validated (and otherwise ignored)
BEGIN
  dbms_scheduler.enable('reg_job_named', commit_semantics => 'WHENEVER');
END;
/
ERROR:  invalid commit_semantics value "WHENEVER"
HINT:  Valid values are STOP_ON_FIRST_ERROR, TRANSACTIONAL and ABSORB_ERRORS.
CONTEXT:  SQL statement "SELECT sys.ora_dbms_scheduler_enable(name, commit_semantics)"
PL/iSQL function sys.dbms_scheduler.enable line 117 at PERFORM
SQL statement "CALL dbms_scheduler.enable('reg_job_named', commit_semantics => 'WHENEVER')"
PL/iSQL function inline_code_block line 2 at CALL
-- Enabling a job warns when it will not run automatically, which depends on
-- ivorysql_ora.scheduler and ivorysql_ora.scheduler_databases in the instance
-- under test.  Silence it so the expected output is stable either way.
SET client_min_messages TO error;
BEGIN
  dbms_scheduler.enable('reg_job_named', commit_semantics => 'TRANSACTIONAL');
END;
/
RESET client_min_messages;
SELECT job_name, enabled, state FROM user_scheduler_jobs
  WHERE job_name = 'REG_JOB_NAMED';
   job_name    | enabled |   state   
---------------+---------+-----------
 REG_JOB_NAMED | t       | SCHEDULED
(1 row)

BEGIN
  dbms_scheduler.disable('reg_job_named', force => TRUE,
                         commit_semantics => 'ABSORB_ERRORS');
END;
/
SELECT job_name, enabled, state FROM user_scheduler_jobs
  WHERE job_name = 'REG_JOB_NAMED';
   job_name    | enabled |  state   
---------------+---------+----------
 REG_JOB_NAMED | f       | DISABLED
(1 row)

-- enabling an inline job whose argument has neither value nor default
BEGIN
  dbms_scheduler.create_job(job_name => 'reg_job_args', job_type => 'STORED_PROCEDURE',
      job_action => 'sched_reg_proc', number_of_arguments => 2,
      start_date => TIMESTAMP '2199-01-01 00:00:00 +00:00');
END;
/
BEGIN
  dbms_scheduler.enable('reg_job_args');
END;
/
ERROR:  cannot enable job "regress_dbms_scheduler"."REG_JOB_ARGS": argument 1 has no value and no default
CONTEXT:  SQL statement "SELECT sys.ora_dbms_scheduler_enable(name, commit_semantics)"
PL/iSQL function sys.dbms_scheduler.enable line 117 at PERFORM
SQL statement "CALL dbms_scheduler.enable('reg_job_args')"
PL/iSQL function inline_code_block line 2 at CALL
-- a job whose first run would fall after end_date cannot be enabled
BEGIN
  dbms_scheduler.create_job(job_name => 'reg_job_endd', job_type => 'PLSQL_BLOCK',
      job_action => 'BEGIN NULL; END;',
      start_date => TIMESTAMP '2199-01-02 00:00:00 +00:00',
      repeat_interval => 'FREQ=YEARLY;BYMONTH=1;BYMONTHDAY=1;BYHOUR=0;BYMINUTE=0;BYSECOND=0',
      end_date => TIMESTAMP '2199-06-01 00:00:00 +00:00');
END;
/
BEGIN
  dbms_scheduler.enable('reg_job_endd');
END;
/
ERROR:  cannot enable job "regress_dbms_scheduler"."REG_JOB_ENDD": next run date is later than end_date
CONTEXT:  SQL statement "SELECT sys.ora_dbms_scheduler_enable(name, commit_semantics)"
PL/iSQL function sys.dbms_scheduler.enable line 117 at PERFORM
SQL statement "CALL dbms_scheduler.enable('reg_job_endd')"
PL/iSQL function inline_code_block line 2 at CALL
BEGIN
  dbms_scheduler.drop_job('reg_job_endd');
END;
/
-- a disabled program cannot be put to work: neither ENABLE nor RUN_JOB
BEGIN
  dbms_scheduler.disable('reg_prog');
END;
/
BEGIN
  dbms_scheduler.enable('reg_job_named');
END;
/
ERROR:  cannot enable job "regress_dbms_scheduler"."REG_JOB_NAMED": program "regress_dbms_scheduler"."REG_PROG" is disabled
HINT:  Enable the program first.
CONTEXT:  SQL statement "SELECT sys.ora_dbms_scheduler_enable(name, commit_semantics)"
PL/iSQL function sys.dbms_scheduler.enable line 117 at PERFORM
SQL statement "CALL dbms_scheduler.enable('reg_job_named')"
PL/iSQL function inline_code_block line 2 at CALL
BEGIN
  dbms_scheduler.run_job('reg_job_named');
END;
/
ERROR:  program "regress_dbms_scheduler"."REG_PROG" referenced by job "regress_dbms_scheduler"."REG_JOB_NAMED" is disabled
CONTEXT:  SQL statement "SELECT sys.ora_dbms_scheduler_run_job(job_name, use_current_session)"
PL/iSQL function sys.dbms_scheduler.run_job line 132 at PERFORM
SQL statement "CALL dbms_scheduler.run_job('reg_job_named')"
PL/iSQL function inline_code_block line 2 at CALL
BEGIN
  dbms_scheduler.enable('reg_prog');
END;
/
--
-- RUN_JOB (current session)
--
BEGIN
  dbms_scheduler.run_job('reg_job_inline');
END;
/
-- program defaults vs job argument overrides
BEGIN
  dbms_scheduler.set_job_argument_value('reg_job_named', 1, '21');
  dbms_scheduler.run_job('reg_job_named');
END;
/
SELECT id, note FROM sched_reg_t ORDER BY id;
 id |  note  
----+--------
  1 | inline
 21 | y-set
(2 rows)

-- FG_JOB_ID and SCHEDULER_JOB are visible inside the running job
BEGIN
  dbms_scheduler.create_job(job_name => 'reg_job_ctx', job_type => 'PLSQL_BLOCK',
      job_action => 'BEGIN INSERT INTO sched_reg_t VALUES (90, ''fg=''||CASE WHEN SYS_CONTEXT(''USERENV'',''FG_JOB_ID'') IS NULL THEN ''unset'' ELSE ''set'' END||'' job=''||SYS_CONTEXT(''USERENV'',''SCHEDULER_JOB'')); END;');
  dbms_scheduler.run_job('reg_job_ctx');
END;
/
SELECT note FROM sched_reg_t WHERE id = 90;
          note          
------------------------
 fg=set job=REG_JOB_CTX
(1 row)

-- a nested RUN_JOB puts the caller's identity back when it returns
BEGIN
  dbms_scheduler.create_job(job_name => 'reg_job_inner', job_type => 'PLSQL_BLOCK',
      job_action => 'BEGIN INSERT INTO sched_reg_t VALUES (91, ''inner job=''||SYS_CONTEXT(''USERENV'',''SCHEDULER_JOB'')); END;');
  dbms_scheduler.create_job(job_name => 'reg_job_outer', job_type => 'PLSQL_BLOCK',
      job_action => 'BEGIN dbms_scheduler.run_job(''reg_job_inner''); INSERT INTO sched_reg_t VALUES (92, ''outer job=''||SYS_CONTEXT(''USERENV'',''SCHEDULER_JOB'')); END;');
  dbms_scheduler.run_job('reg_job_outer');
END;
/
SELECT id, note FROM sched_reg_t WHERE id IN (91, 92) ORDER BY id;
 id |          note           
----+-------------------------
 91 | inner job=REG_JOB_INNER
 92 | outer job=REG_JOB_OUTER
(2 rows)

-- arguments are passed with the type the program declares, so an overloaded
-- procedure resolves on that type rather than on an untyped literal
CREATE OR REPLACE PROCEDURE sched_reg_ovl(x NUMBER) IS
BEGIN
  INSERT INTO sched_reg_t VALUES (93, 'called with NUMBER');
END;
/
CREATE OR REPLACE PROCEDURE sched_reg_ovl(x VARCHAR2) IS
BEGIN
  INSERT INTO sched_reg_t VALUES (93, 'called with VARCHAR2');
END;
/
BEGIN
  dbms_scheduler.create_program('reg_prog_ovl', 'STORED_PROCEDURE', 'sched_reg_ovl', 1);
  dbms_scheduler.define_program_argument(program_name => 'reg_prog_ovl',
      argument_position => 1, argument_name => 'x', argument_type => 'NUMBER');
  dbms_scheduler.enable('reg_prog_ovl');
  dbms_scheduler.create_job(job_name => 'reg_job_ovl', program_name => 'reg_prog_ovl',
      schedule_name => 'reg_sched');
  dbms_scheduler.set_job_argument_value('reg_job_ovl', 1, '7');
  dbms_scheduler.run_job('reg_job_ovl');
END;
/
SELECT note FROM sched_reg_t WHERE id = 93;
        note        
--------------------
 called with NUMBER
(1 row)

BEGIN
  dbms_scheduler.drop_job('reg_job_ovl');
  dbms_scheduler.drop_program('reg_prog_ovl');
END;
/
DROP PROCEDURE sched_reg_ovl(NUMBER);
DROP PROCEDURE sched_reg_ovl(VARCHAR2);
BEGIN
  dbms_scheduler.drop_job('reg_job_inner');
  dbms_scheduler.drop_job('reg_job_outer');
END;
/
-- RUN_JOB records the running process on the log row (Oracle's SLAVE_PID)
SELECT job_name, slave_pid = pg_backend_pid() AS pid_is_this_session
  FROM user_scheduler_job_run_details WHERE job_name = 'REG_JOB_CTX';
  job_name   | pid_is_this_session 
-------------+---------------------
 REG_JOB_CTX | t
(1 row)

--
-- STOP_JOB (background execution is covered by the TAP test)
--
-- nothing is running
BEGIN
  dbms_scheduler.stop_job('reg_job_ctx');
END;
/
ERROR:  job "regress_dbms_scheduler"."REG_JOB_CTX" is not running
CONTEXT:  SQL statement "SELECT sys.ora_dbms_scheduler_stop_job(job_name, force,
			commit_semantics)"
PL/iSQL function sys.dbms_scheduler.stop_job line 139 at PERFORM
SQL statement "CALL dbms_scheduler.stop_job('reg_job_ctx')"
PL/iSQL function inline_code_block line 2 at CALL
-- not a job
BEGIN
  dbms_scheduler.stop_job('reg_sched');
END;
/
ERROR:  job "regress_dbms_scheduler"."REG_SCHED" does not exist
CONTEXT:  SQL statement "SELECT sys.ora_dbms_scheduler_stop_job(job_name, force,
			commit_semantics)"
PL/iSQL function sys.dbms_scheduler.stop_job line 139 at PERFORM
SQL statement "CALL dbms_scheduler.stop_job('reg_sched')"
PL/iSQL function inline_code_block line 2 at CALL
-- unknown object
BEGIN
  dbms_scheduler.stop_job('no_such_job');
END;
/
ERROR:  job "regress_dbms_scheduler"."NO_SUCH_JOB" does not exist
CONTEXT:  SQL statement "SELECT sys.ora_dbms_scheduler_stop_job(job_name, force,
			commit_semantics)"
PL/iSQL function sys.dbms_scheduler.stop_job line 139 at PERFORM
SQL statement "CALL dbms_scheduler.stop_job('no_such_job')"
PL/iSQL function inline_code_block line 2 at CALL
-- commit_semantics is validated here too
BEGIN
  dbms_scheduler.stop_job('reg_job_ctx', commit_semantics => 'WHENEVER');
END;
/
ERROR:  invalid commit_semantics value "WHENEVER"
HINT:  Valid values are STOP_ON_FIRST_ERROR, TRANSACTIONAL and ABSORB_ERRORS.
CONTEXT:  SQL statement "SELECT sys.ora_dbms_scheduler_stop_job(job_name, force,
			commit_semantics)"
PL/iSQL function sys.dbms_scheduler.stop_job line 139 at PERFORM
SQL statement "CALL dbms_scheduler.stop_job('reg_job_ctx', commit_semantics => 'WHENEVER')"
PL/iSQL function inline_code_block line 2 at CALL
-- outside of a job both are NULL
SELECT SYS_CONTEXT('USERENV','FG_JOB_ID') IS NULL AS fg_null,
       SYS_CONTEXT('USERENV','BG_JOB_ID') IS NULL AS bg_null,
       SYS_CONTEXT('USERENV','SCHEDULER_JOB') IS NULL AS job_null;
 fg_null | bg_null | job_null 
---------+---------+----------
 t       | t       | t
(1 row)

-- a failing job surfaces its error to the caller
BEGIN
  dbms_scheduler.create_job(job_name => 'reg_job_fail', job_type => 'PLSQL_BLOCK',
      job_action => 'DECLARE v NUMBER; BEGIN v := 1/0; END;');
END;
/
BEGIN
  dbms_scheduler.run_job('reg_job_fail');
END;
/
ERROR:  division by zero
CONTEXT:  PL/iSQL assignment "v := 1/0"
PL/iSQL function inline_code_block line 1 at assignment
SQL statement "DECLARE v NUMBER; BEGIN v := 1/0; END;"
SQL statement "SELECT sys.ora_dbms_scheduler_run_job(job_name, use_current_session)"
PL/iSQL function sys.dbms_scheduler.run_job line 132 at PERFORM
SQL statement "CALL dbms_scheduler.run_job('reg_job_fail')"
PL/iSQL function inline_code_block line 2 at CALL
-- only the current session mode is supported
BEGIN
  dbms_scheduler.run_job('reg_job_inline', use_current_session => FALSE);
END;
/
ERROR:  use_current_session => false is not supported
HINT:  Enable the job to have the scheduler run it in the background.
CONTEXT:  SQL statement "SELECT sys.ora_dbms_scheduler_run_job(job_name, use_current_session)"
PL/iSQL function sys.dbms_scheduler.run_job line 132 at PERFORM
SQL statement "CALL dbms_scheduler.run_job('reg_job_inline', use_current_session => FALSE)"
PL/iSQL function inline_code_block line 2 at CALL
SELECT job_name, state, run_count FROM user_scheduler_jobs
  WHERE job_name IN ('REG_JOB_INLINE', 'REG_JOB_NAMED') ORDER BY job_name;
    job_name    |   state   | run_count 
----------------+-----------+-----------
 REG_JOB_INLINE | SUCCEEDED |         1
 REG_JOB_NAMED  | SUCCEEDED |         1
(2 rows)

SELECT job_name, status FROM user_scheduler_job_run_details
  WHERE job_name IN ('REG_JOB_INLINE', 'REG_JOB_NAMED', 'REG_JOB_CTX')
  ORDER BY log_id;
    job_name    | status 
----------------+--------
 REG_JOB_INLINE | s
 REG_JOB_NAMED  | s
 REG_JOB_CTX    | s
(3 rows)

--
-- quoted identifiers keep their case; unquoted ones are upper-cased
--
BEGIN
  dbms_scheduler.create_job(job_name => '"lower_job"', job_type => 'PLSQL_BLOCK',
      job_action => 'BEGIN NULL; END;');
END;
/
SELECT job_name FROM user_scheduler_jobs WHERE job_name = 'lower_job';
 job_name  
-----------
 lower_job
(1 row)

BEGIN
  dbms_scheduler.drop_job('"lower_job"');
END;
/
-- blanks around an unquoted name are not part of it
BEGIN
  dbms_scheduler.create_job(job_name => ' reg_job_blank ', job_type => 'PLSQL_BLOCK',
      job_action => 'BEGIN NULL; END;');
END;
/
SELECT job_name FROM user_scheduler_jobs WHERE job_name = 'REG_JOB_BLANK';
   job_name    
---------------
 REG_JOB_BLANK
(1 row)

BEGIN
  dbms_scheduler.drop_job('reg_job_blank ');
END;
/
--
-- ownership and dictionary views
--
CREATE USER sched_regress_u1;
CREATE USER sched_regress_u2;
SET SESSION AUTHORIZATION sched_regress_u1;
BEGIN
  dbms_scheduler.create_job(job_name => 'u1_job', job_type => 'PLSQL_BLOCK',
      job_action => 'BEGIN NULL; END;');
END;
/
SELECT job_name, state FROM user_scheduler_jobs;
 job_name |  state   
----------+----------
 U1_JOB   | DISABLED
(1 row)

SET SESSION AUTHORIZATION sched_regress_u2;
-- u2 sees nothing and cannot touch u1's job or the base tables
SELECT count(*) AS visible FROM user_scheduler_jobs;
 visible 
---------
       0
(1 row)

BEGIN
  dbms_scheduler.drop_job('sched_regress_u1.u1_job');
END;
/
ERROR:  insufficient privileges to operate on scheduler objects owned by "sched_regress_u1"
CONTEXT:  SQL statement "SELECT sys.ora_dbms_scheduler_drop_job(job_name, force, defer,
			commit_semantics)"
PL/iSQL function sys.dbms_scheduler.drop_job line 84 at PERFORM
SQL statement "CALL dbms_scheduler.drop_job('sched_regress_u1.u1_job')"
PL/iSQL function inline_code_block line 2 at CALL
SELECT count(*) FROM sys.scheduler_jobs;
ERROR:  permission denied for table scheduler_jobs
SELECT count(*) FROM sys.dba_scheduler_jobs;
ERROR:  permission denied for view dba_scheduler_jobs
-- back to the fixed test owner (not RESET, which would revert to the
-- environment-dependent authenticated user)
SET SESSION AUTHORIZATION regress_dbms_scheduler;
-- the superuser sees and can drop everything
SELECT owner, job_name FROM dba_scheduler_jobs WHERE job_name = 'U1_JOB';
      owner       | job_name 
------------------+----------
 sched_regress_u1 | U1_JOB
(1 row)

BEGIN
  dbms_scheduler.drop_job('sched_regress_u1.u1_job');
END;
/
--
-- DROP_PROGRAM / DROP_SCHEDULE (force semantics) and DROP_JOB
--
BEGIN
  dbms_scheduler.drop_program('reg_prog');
END;
/
ERROR:  program "regress_dbms_scheduler"."REG_PROG" is referenced by jobs
HINT:  Use force => true to disable the referencing jobs.
CONTEXT:  SQL statement "SELECT sys.ora_dbms_scheduler_drop_program(program_name, force)"
PL/iSQL function sys.dbms_scheduler.drop_program line 91 at PERFORM
SQL statement "CALL dbms_scheduler.drop_program('reg_prog')"
PL/iSQL function inline_code_block line 2 at CALL
BEGIN
  dbms_scheduler.drop_program('reg_prog', force => TRUE);
END;
/
-- force-dropping disabled the referencing job
SELECT job_name, enabled, state FROM user_scheduler_jobs
  WHERE job_name = 'REG_JOB_NAMED';
   job_name    | enabled |  state   
---------------+---------+----------
 REG_JOB_NAMED | f       | DISABLED
(1 row)

BEGIN
  dbms_scheduler.drop_schedule('reg_sched', force => TRUE);
END;
/
BEGIN
  dbms_scheduler.drop_job('no_such_job');
END;
/
ERROR:  job "regress_dbms_scheduler"."NO_SUCH_JOB" does not exist
CONTEXT:  SQL statement "SELECT sys.ora_dbms_scheduler_drop_job(job_name, force, defer,
			commit_semantics)"
PL/iSQL function sys.dbms_scheduler.drop_job line 84 at PERFORM
SQL statement "CALL dbms_scheduler.drop_job('no_such_job')"
PL/iSQL function inline_code_block line 2 at CALL
BEGIN
  dbms_scheduler.drop_job('reg_job_named', force => TRUE, defer => TRUE);
END;
/
BEGIN
  dbms_scheduler.drop_job('reg_job_inline');
  dbms_scheduler.drop_job('reg_job_args');
  dbms_scheduler.drop_job('reg_job_ctx');
  dbms_scheduler.drop_job('reg_job_fail');
END;
/
-- job argument rows went with their jobs; run log rows are retained
SELECT count(*) AS jobs, (SELECT count(*) FROM user_scheduler_job_args) AS args
  FROM user_scheduler_jobs;
 jobs | args 
------+------
    0 |    0
(1 row)

SELECT count(*) > 0 AS log_retained FROM user_scheduler_job_run_details;
 log_retained 
--------------
 t
(1 row)

--
-- PURGE_LOG
--
-- The log the tests above left behind is replaced with rows of known age,
-- owner and status.  log_date is written but never selected: every check here
-- is a count or a status, so nothing in the output moves with the clock.  All
-- the jobs have been dropped by now, which is the point of purging by name
-- below: history outlives its job, so a purge has to reach it anyway.
DELETE FROM sys.scheduler_job_run_details;
INSERT INTO sys.scheduler_job_run_details
    (job_owner, job_name, status, log_date)
  VALUES
    ('regress_dbms_scheduler', 'PURGE_OLD',  's', now() - '30 days'::pg_catalog.interval),
    ('regress_dbms_scheduler', 'PURGE_OLD',  'f', now() - '20 days'::pg_catalog.interval),
    ('regress_dbms_scheduler', 'PURGE_NEW',  's', now() - '1 day'::pg_catalog.interval),
    ('regress_dbms_scheduler', 'PURGE_LIVE', 'r', now() - '40 days'::pg_catalog.interval),
    ('sched_regress_u1',       'U1_LOG',     's', now() - '30 days'::pg_catalog.interval),
    ('sched_regress_u2',       'U2_LOG',     's', now() - '1 day'::pg_catalog.interval);
SELECT job_owner, job_name, status, count(*) FROM sys.scheduler_job_run_details
  GROUP BY 1, 2, 3 ORDER BY 1, 2, 3;
       job_owner        |  job_name  | status | count 
------------------------+------------+--------+-------
 regress_dbms_scheduler | PURGE_LIVE | r      |     1
 regress_dbms_scheduler | PURGE_NEW  | s      |     1
 regress_dbms_scheduler | PURGE_OLD  | f      |     1
 regress_dbms_scheduler | PURGE_OLD  | s      |     1
 sched_regress_u1       | U1_LOG     | s      |     1
 sched_regress_u2       | U2_LOG     | s      |     1
(6 rows)

-- arguments that are refused purge nothing.  A null log_history is not read
-- as the default of 0: 0 deletes the whole log, so an unset variable would be
-- unrecoverable rather than merely wrong.
BEGIN
  dbms_scheduler.purge_log(log_history => NULL);
END;
/
ERROR:  log_history must not be null
HINT:  Pass 0 to purge the whole log.
CONTEXT:  SQL statement "SELECT sys.ora_dbms_scheduler_purge_log(log_history, which_log,
			job_name)"
PL/iSQL function sys.dbms_scheduler.purge_log line 170 at PERFORM
SQL statement "CALL dbms_scheduler.purge_log(log_history => NULL)"
PL/iSQL function inline_code_block line 2 at CALL
BEGIN
  dbms_scheduler.purge_log(log_history => -1);
END;
/
ERROR:  log_history -1 is out of range (0 .. 1000000)
CONTEXT:  SQL statement "SELECT sys.ora_dbms_scheduler_purge_log(log_history, which_log,
			job_name)"
PL/iSQL function sys.dbms_scheduler.purge_log line 170 at PERFORM
SQL statement "CALL dbms_scheduler.purge_log(log_history => -1)"
PL/iSQL function inline_code_block line 2 at CALL
BEGIN
  dbms_scheduler.purge_log(log_history => 1000001);
END;
/
ERROR:  log_history 1000001 is out of range (0 .. 1000000)
CONTEXT:  SQL statement "SELECT sys.ora_dbms_scheduler_purge_log(log_history, which_log,
			job_name)"
PL/iSQL function sys.dbms_scheduler.purge_log line 170 at PERFORM
SQL statement "CALL dbms_scheduler.purge_log(log_history => 1000001)"
PL/iSQL function inline_code_block line 2 at CALL
BEGIN
  dbms_scheduler.purge_log(which_log => 'JOB_HISTORY');
END;
/
ERROR:  invalid which_log value "JOB_HISTORY"
HINT:  Valid values are JOB_LOG, WINDOW_LOG and JOB_AND_WINDOW_LOG.
CONTEXT:  SQL statement "SELECT sys.ora_dbms_scheduler_purge_log(log_history, which_log,
			job_name)"
PL/iSQL function sys.dbms_scheduler.purge_log line 170 at PERFORM
SQL statement "CALL dbms_scheduler.purge_log(which_log => 'JOB_HISTORY')"
PL/iSQL function inline_code_block line 2 at CALL
-- Oracle takes a comma-separated list of job and job class names here; one
-- name at a time is supported, and the list has to be refused rather than
-- parsed as a single odd name that matches nothing
BEGIN
  dbms_scheduler.purge_log(job_name => 'purge_old,purge_new');
END;
/
ERROR:  purging the log of a list of jobs is not supported
HINT:  Call PURGE_LOG once per job, or leave job_name out to purge every job's log.
CONTEXT:  SQL statement "SELECT sys.ora_dbms_scheduler_purge_log(log_history, which_log,
			job_name)"
PL/iSQL function sys.dbms_scheduler.purge_log line 170 at PERFORM
SQL statement "CALL dbms_scheduler.purge_log(job_name => 'purge_old,purge_new')"
PL/iSQL function inline_code_block line 2 at CALL
BEGIN
  dbms_scheduler.purge_log(job_name => 'no_such_owner.purge_old');
END;
/
ERROR:  user "NO_SUCH_OWNER" does not exist
CONTEXT:  SQL statement "SELECT sys.ora_dbms_scheduler_purge_log(log_history, which_log,
			job_name)"
PL/iSQL function sys.dbms_scheduler.purge_log line 170 at PERFORM
SQL statement "CALL dbms_scheduler.purge_log(job_name => 'no_such_owner.purge_old')"
PL/iSQL function inline_code_block line 2 at CALL
SELECT count(*) AS rows_untouched FROM sys.scheduler_job_run_details;
 rows_untouched 
----------------
              6
(1 row)

-- there is no window log, so WINDOW_LOG succeeds and purges nothing
BEGIN
  dbms_scheduler.purge_log(which_log => 'WINDOW_LOG');
END;
/
WARNING:  there is no window log to purge
HINT:  Use JOB_LOG or JOB_AND_WINDOW_LOG to purge the job run log.
-- a job name that matches nothing is not an error: the log has no foreign key
-- to the job, and a cleanup script has to stay safe to run twice
BEGIN
  dbms_scheduler.purge_log(job_name => 'no_such_job');
END;
/
-- keeping more history than exists purges nothing (upper end of the range)
BEGIN
  dbms_scheduler.purge_log(log_history => 1000000);
END;
/
SELECT count(*) AS rows_untouched FROM sys.scheduler_job_run_details;
 rows_untouched 
----------------
              6
(1 row)

-- retention confined to one job: that job's 30-day row goes, its 20-day row
-- stays, and no other owner is touched
BEGIN
  dbms_scheduler.purge_log(log_history => 25, which_log => 'JOB_LOG',
      job_name => 'purge_old');
END;
/
SELECT job_owner, job_name, status, count(*) FROM sys.scheduler_job_run_details
  GROUP BY 1, 2, 3 ORDER BY 1, 2, 3;
       job_owner        |  job_name  | status | count 
------------------------+------------+--------+-------
 regress_dbms_scheduler | PURGE_LIVE | r      |     1
 regress_dbms_scheduler | PURGE_NEW  | s      |     1
 regress_dbms_scheduler | PURGE_OLD  | f      |     1
 sched_regress_u1       | U1_LOG     | s      |     1
 sched_regress_u2       | U2_LOG     | s      |     1
(5 rows)

-- a plain user cannot reach another user's history by naming it ...
SET SESSION AUTHORIZATION sched_regress_u1;
BEGIN
  dbms_scheduler.purge_log(job_name => 'regress_dbms_scheduler.purge_new');
END;
/
ERROR:  insufficient privileges to operate on scheduler objects owned by "regress_dbms_scheduler"
CONTEXT:  SQL statement "SELECT sys.ora_dbms_scheduler_purge_log(log_history, which_log,
			job_name)"
PL/iSQL function sys.dbms_scheduler.purge_log line 170 at PERFORM
SQL statement "CALL dbms_scheduler.purge_log(job_name => 'regress_dbms_scheduler.purge_new')"
PL/iSQL function inline_code_block line 2 at CALL
-- ... and purging everything reaches only their own rows
BEGIN
  dbms_scheduler.purge_log();
END;
/
SELECT count(*) AS mine_left FROM user_scheduler_job_run_details;
 mine_left 
-----------
         0
(1 row)

SET SESSION AUTHORIZATION regress_dbms_scheduler;
SELECT job_owner, job_name, status, count(*) FROM sys.scheduler_job_run_details
  GROUP BY 1, 2, 3 ORDER BY 1, 2, 3;
       job_owner        |  job_name  | status | count 
------------------------+------------+--------+-------
 regress_dbms_scheduler | PURGE_LIVE | r      |     1
 regress_dbms_scheduler | PURGE_NEW  | s      |     1
 regress_dbms_scheduler | PURGE_OLD  | f      |     1
 sched_regress_u2       | U2_LOG     | s      |     1
(4 rows)

-- a superuser purges every owner, but never a run still in progress
BEGIN
  dbms_scheduler.purge_log(which_log => 'job_and_window_log');
END;
/
SELECT job_owner, job_name, status FROM sys.scheduler_job_run_details
  ORDER BY job_owner, job_name;
       job_owner        |  job_name  | status 
------------------------+------------+--------
 regress_dbms_scheduler | PURGE_LIVE | r
(1 row)

-- cleanup
RESET SESSION AUTHORIZATION;
DROP USER sched_regress_u1;
DROP USER sched_regress_u2;
DROP TABLE sched_reg_t;
DROP PROCEDURE sched_reg_proc;
-- load bearing: the PURGE_LOG tests deliberately leave an 'r' row behind, and
-- PURGE_LOG will never remove one.  Without this it would leak into whatever
-- runs next against this database.
DELETE FROM sys.scheduler_job_run_details;
DROP ROLE regress_dbms_scheduler;
RESET timezone;
