--
-- DBMS_RLS
--
-- Regression tests for Oracle-compatible DBMS_RLS package:
--   - Package constants (policy types, sec_relevant_cols options)
--   - ADD_POLICY
--   - ENABLE_POLICY (disable and enable)
--   - REFRESH_POLICY
--   - Catalog table verification (sys.rls_policies)
--   - DROP_POLICY
--   - Error handling (NULL parameter checks)
--   - Internal function execute privilege revoked from PUBLIC (CWE-862)
--
-- Package constants
SELECT dbms_rls.dynamic;
 dynamic
---------
       1
(1 row)

SELECT dbms_rls.static_policy;
 static_policy
---------------
             2
(1 row)

SELECT dbms_rls.shared_static;
 shared_static
---------------
             3
(1 row)

SELECT dbms_rls.context_sensitive;
 context_sensitive
-------------------
                 4
(1 row)

SELECT dbms_rls.shared_context_sensitive;
 shared_context_sensitive
--------------------------
                        5
(1 row)

SELECT dbms_rls.all_rows;
 all_rows
----------
        1
(1 row)

-- Setup test table
CREATE TABLE emp_secure (
    empno int,
    ename varchar2(50),
    deptno int
);
CREATE TABLE
-- ADD_POLICY
CALL dbms_rls.add_policy(
    object_schema   => 'public',
    object_name     => 'emp_secure',
    policy_name     => 'dept_security_policy',
    function_schema => 'public',
    policy_function => 'get_dept_predicate',
    statement_types => 'SELECT,UPDATE,DELETE',
    update_check    => TRUE,
    enable          => TRUE
);
-- Verify policy in sys.rls_policies
SELECT object_owner, object_name, policy_name, function_owner, policy_function, statement_types, update_check, enable
  FROM sys.rls_policies
 WHERE policy_name = 'dept_security_policy';
 object_owner | object_name |     policy_name      | function_owner | policy_function    |    statement_types    | update_check | enable
--------------+-------------+----------------------+----------------+--------------------+-----------------------+--------------+--------
 public       | emp_secure  | dept_security_policy | public         | get_dept_predicate | SELECT,UPDATE,DELETE  | t            | t
(1 row)

-- ENABLE_POLICY (disable)
CALL dbms_rls.enable_policy(
    object_schema => 'public',
    object_name   => 'emp_secure',
    policy_name   => 'dept_security_policy',
    enable        => FALSE
);
SELECT policy_name, enable
  FROM sys.rls_policies
 WHERE policy_name = 'dept_security_policy';
     policy_name      | enable
----------------------+--------
 dept_security_policy | f
(1 row)

-- ENABLE_POLICY (re-enable)
CALL dbms_rls.enable_policy(
    object_schema => 'public',
    object_name   => 'emp_secure',
    policy_name   => 'dept_security_policy',
    enable        => TRUE
);
SELECT policy_name, enable
  FROM sys.rls_policies
 WHERE policy_name = 'dept_security_policy';
     policy_name      | enable
----------------------+--------
 dept_security_policy | t
(1 row)

-- REFRESH_POLICY
CALL dbms_rls.refresh_policy('public', 'emp_secure', 'dept_security_policy');
-- DROP_POLICY
CALL dbms_rls.drop_policy(
    object_schema => 'public',
    object_name   => 'emp_secure',
    policy_name   => 'dept_security_policy'
);
SELECT COUNT(*) FROM sys.rls_policies WHERE policy_name = 'dept_security_policy';
 count
-------
     0
(1 row)

-- Error handling: NULL parameters
SELECT sys.dbms_rls_add_policy_internal('public', NULL, 'p1', 'public', 'f1', 'SELECT', false, true, false, 1, NULL, 0);
ERROR:  DBMS_RLS.ADD_POLICY: object_name and policy_name must not be NULL
SELECT sys.dbms_rls_add_policy_internal('public', 't1', NULL, 'public', 'f1', 'SELECT', false, true, false, 1, NULL, 0);
ERROR:  DBMS_RLS.ADD_POLICY: object_name and policy_name must not be NULL
SELECT sys.dbms_rls_drop_policy_internal('public', NULL, 'p1');
ERROR:  DBMS_RLS.DROP_POLICY: object_name and policy_name must not be NULL
SELECT sys.dbms_rls_enable_policy_internal('public', NULL, 'p1', true);
ERROR:  DBMS_RLS.ENABLE_POLICY: object_name and policy_name must not be NULL
-- Verify internal functions execute privilege revoked from PUBLIC (CWE-862)
SELECT p.proname, has_function_privilege('public', p.oid, 'EXECUTE') AS public_can_execute
  FROM pg_catalog.pg_proc p
  JOIN pg_catalog.pg_namespace n ON n.oid = p.pronamespace
 WHERE n.nspname = 'sys'
   AND p.proname IN ('dbms_rls_add_policy_internal',
                     'dbms_rls_drop_policy_internal',
                     'dbms_rls_enable_policy_internal')
 ORDER BY p.proname;
            proname            | public_can_execute
-------------------------------+--------------------
 dbms_rls_add_policy_internal  | f
 dbms_rls_drop_policy_internal | f
 dbms_rls_enable_policy_internal | f
(3 rows)

-- Clean up
DROP TABLE emp_secure;
DROP TABLE
