--
-- Subtracting intervals must keep the mathematical value across the whole
-- supported range.  dsinterval_mi() reduced both operands to one int64
-- microsecond count, which overflows for large day to second values.
--
SELECT INTERVAL '106751992 00:00:00' DAY(9) TO SECOND - INTERVAL '0 00:00:00' DAY TO SECOND AS day_mi_ovf;
          day_mi_ovf           
-------------------------------
 +106751992 00:00:00.000000000
(1 row)

SELECT INTERVAL '-106751992 00:00:00' DAY(9) TO SECOND - INTERVAL '0 00:00:00' DAY TO SECOND AS day_mi_ovf_neg;
        day_mi_ovf_neg         
-------------------------------
 -106751992 00:00:00.000000000
(1 row)

SELECT INTERVAL '106751992 00:00:00' DAY(9) TO SECOND - INTERVAL '-106751992 00:00:00' DAY(9) TO SECOND AS day_mi_ovf_sum;
        day_mi_ovf_sum         
-------------------------------
 +213503984 00:00:00.000000000
(1 row)

