--
-- ora_bitwise_agg.sql
--
-- Tests for the Oracle-compatible bitwise aggregates BIT_AND_AGG,
-- BIT_OR_AGG and BIT_XOR_AGG.  Expected values were verified against
-- Oracle 23ai.
--
-- ============================================================
-- Basic behaviour
-- ============================================================
CREATE TABLE bit_agg_t (n numeric);
INSERT INTO bit_agg_t VALUES (6), (3), (NULL);
-- 6&3=2, 6|3=7, 6^3=5; NULL inputs are skipped
SELECT bit_and_agg(n) AS and_r, bit_or_agg(n) AS or_r, bit_xor_agg(n) AS xor_r FROM bit_agg_t;
 and_r | or_r | xor_r 
-------+------+-------
     2 |    7 |     5
(1 row)

-- works with GROUP BY, including the all-NULL group (empty result is 0,
-- not NULL)
SELECT mod(n, 2) AS g, bit_and_agg(n) AS and_r, bit_or_agg(n) AS or_r,
       bit_xor_agg(n) AS xor_r
FROM bit_agg_t GROUP BY mod(n, 2) ORDER BY g;
 g | and_r | or_r | xor_r 
---+-------+------+-------
 0 |     6 |    6 |     6
 1 |     3 |    3 |     3
   |     0 |    0 |     0
(3 rows)

DROP TABLE bit_agg_t;
-- ============================================================
-- Empty input and all-NULL input yield 0, as on Oracle 23ai
-- ============================================================
CREATE TABLE bit_agg_empty (n numeric);
SELECT bit_and_agg(n) AS and_r, bit_or_agg(n) AS or_r, bit_xor_agg(n) AS xor_r
FROM bit_agg_empty;
 and_r | or_r | xor_r 
-------+------+-------
     0 |    0 |     0
(1 row)

INSERT INTO bit_agg_empty VALUES (NULL), (NULL);
SELECT bit_and_agg(n) AS and_r, bit_or_agg(n) AS or_r, bit_xor_agg(n) AS xor_r
FROM bit_agg_empty;
 and_r | or_r | xor_r 
-------+------+-------
     0 |    0 |     0
(1 row)

DROP TABLE bit_agg_empty;
-- ============================================================
-- Negatives and non-integers: truncate toward zero, then apply the
-- bitwise operation on the two's-complement representation
-- ============================================================
CREATE TABLE bit_agg_num (n numeric);
INSERT INTO bit_agg_num VALUES (-1), (5), (2.9), (-2.9);
-- trunc(-2.9) = -2; with round() instead of truncate the xor would be 5,
-- Oracle 23ai answers 6
SELECT bit_and_agg(n) AS and_r, bit_or_agg(n) AS or_r, bit_xor_agg(n) AS xor_r
FROM bit_agg_num;
 and_r | or_r | xor_r 
-------+------+-------
     0 |   -1 |     6
(1 row)

-- single row: the value truncated toward zero comes back unchanged
SELECT bit_and_agg(n) AS and_r, bit_or_agg(n) AS or_r, bit_xor_agg(n) AS xor_r
FROM bit_agg_num WHERE n = 5;
 and_r | or_r | xor_r 
-------+------+-------
     5 |    5 |     5
(1 row)

DROP TABLE bit_agg_num;
-- ============================================================
-- DISTINCT and ALL
-- ============================================================
CREATE TABLE bit_agg_d (n numeric);
INSERT INTO bit_agg_d VALUES (7), (7);
SELECT bit_xor_agg(DISTINCT n) AS xor_d, bit_xor_agg(ALL n) AS xor_a,
       bit_and_agg(DISTINCT n) AS and_d
FROM bit_agg_d;
 xor_d | xor_a | and_d 
-------+-------+-------
     7 |     0 |     7
(1 row)

DROP TABLE bit_agg_d;
-- ============================================================
-- Full 128-bit range
-- ============================================================
CREATE TABLE bit_agg_big (n numeric);
-- 2^127-1
INSERT INTO bit_agg_big VALUES (170141183460469231731687303715884105727);
-- 2^64 and 2^64-1
INSERT INTO bit_agg_big VALUES (18446744073709551616), (18446744073709551615);
SELECT bit_or_agg(n) AS or_r FROM bit_agg_big;
                  or_r                   
-----------------------------------------
 170141183460469231731687303715884105727
(1 row)

SELECT bit_and_agg(n) AS and_r, bit_xor_agg(n) AS xor_r FROM bit_agg_big;
 and_r |                  xor_r                  
-------+-----------------------------------------
     0 | 170141183460469231694793815568465002496
(1 row)

DROP TABLE bit_agg_big;
-- values beyond the signed 128-bit range are rejected (Oracle 23ai does
-- not error but its answers for such inputs are internal artifacts)
SELECT bit_or_agg(x) FROM (VALUES (170141183460469231731687303715884105728::numeric)) v(x);
ERROR:  value "170141183460469231731687303715884105728" is out of range for a 128-bit integer
-- ============================================================
-- Implicit casts: integer and bigint inputs reach the numeric aggregate
-- ============================================================
SELECT bit_or_agg(x) AS int_in FROM (VALUES (1), (2), (4)) v(x);
 int_in 
--------
      7
(1 row)

SELECT bit_and_agg(x) AS bigint_in FROM (VALUES (12::bigint), (10::bigint)) v(x);
 bigint_in 
-----------
         8
(1 row)

