--
-- INTERVAL YEAR TO MONTH
--
-- Valid Interval Literals
SELECT INTERVAL'1-1' YEAR TO MONTH;
 yminterval 
------------
 +01-01
(1 row)

SELECT INTERVAL '123-2' YEAR(3) TO MONTH;
 yminterval 
------------
 +123-02
(1 row)

SELECT INTERVAL'11' YEAR;
 yminterval 
------------
 +11-00
(1 row)

SELECT INTERVAL'356' YEAR(3);
 yminterval 
------------
 +356-00
(1 row)

SELECT INTERVAL'12' MONTH;
 yminterval 
------------
 +01-00
(1 row)

SELECT INTERVAL'1200' MONTH(3);
 yminterval 
------------
 +100-00
(1 row)

-- If the leading field is YEAR and the trailing field is MONTH, 
-- then the range of integer values for the month field is 0 to 11.
SELECT INTERVAL'1-11' YEAR TO MONTH;
 yminterval 
------------
 +01-11
(1 row)

SELECT INTERVAL'1-12' YEAR TO MONTH;	
ERROR:  interval field value out of range: "1-12"
LINE 1: SELECT INTERVAL'1-12' YEAR TO MONTH;
                       ^
CREATE TABLE TEST_YMINTERVAL(a interval year(4) to month);
INSERT INTO TEST_YMINTERVAL (a) VALUES ('0-1');
INSERT INTO TEST_YMINTERVAL (a) VALUES ('1-2');
INSERT INTO TEST_YMINTERVAL (a) VALUES ('12-3');
INSERT INTO TEST_YMINTERVAL (a) VALUES ('123-4');
INSERT INTO TEST_YMINTERVAL (a) VALUES ('1234-5');
-- Precision out of range
INSERT INTO TEST_YMINTERVAL (a) VALUES ('12345-6');
ERROR:  Leading precision of the interval is too small
LINE 1: INSERT INTO TEST_YMINTERVAL (a) VALUES ('12345-6');
                                                ^
-- Comparison operator
SELECT * FROM TEST_YMINTERVAL WHERE TEST_YMINTERVAL.a = interval'12-3' year to month;
    a     
----------
 +0012-03
(1 row)

SELECT * FROM TEST_YMINTERVAL WHERE TEST_YMINTERVAL.a <> interval'12-3' year to month;
    a     
----------
 +0000-01
 +0001-02
 +0123-04
 +1234-05
(4 rows)

SELECT * FROM TEST_YMINTERVAL WHERE TEST_YMINTERVAL.a > interval'12-3' year to month;
    a     
----------
 +0123-04
 +1234-05
(2 rows)

SELECT * FROM TEST_YMINTERVAL WHERE TEST_YMINTERVAL.a >= interval'12-3' year to month;
    a     
----------
 +0012-03
 +0123-04
 +1234-05
(3 rows)

SELECT * FROM TEST_YMINTERVAL WHERE TEST_YMINTERVAL.a < interval'12-3' year to month;
    a     
----------
 +0000-01
 +0001-02
(2 rows)

SELECT * FROM TEST_YMINTERVAL WHERE TEST_YMINTERVAL.a <= interval'12-3' year to month;
    a     
----------
 +0000-01
 +0001-02
 +0012-03
(3 rows)

-- "+" operator
SELECT TEST_YMINTERVAL.a + interval'1-1' year to month FROM TEST_YMINTERVAL;
   ?column?    
---------------
 +000000001-02
 +000000002-03
 +000000013-04
 +000000124-05
 +000001235-06
(5 rows)

-- "-" operator
SELECT TEST_YMINTERVAL.a - interval'1-1' year to month FROM TEST_YMINTERVAL;
   ?column?    
---------------
 -000000001-00
 +000000000-01
 +000000011-02
 +000000122-03
 +000001233-04
(5 rows)

-- AGGREGATE
SELECT MAX(a) FROM TEST_YMINTERVAL;
      max      
---------------
 +000001234-05
(1 row)

SELECT MIN(a) FROM TEST_YMINTERVAL;
      min      
---------------
 +000000000-01
(1 row)

-- index 
CREATE INDEX test_yminterval_btree on TEST_YMINTERVAL(a);
CREATE INDEX test_yminterval_hash on TEST_YMINTERVAL USING hash (a);
CREATE INDEX test_yminterval_brin on TEST_YMINTERVAL USING brin (a);
--
-- INTERVAL DAY TO SECOND
--
-- Valid Interval Literals
SELECT INTERVAL '4 5:12:10.222' DAY TO SECOND(3);
    dsinterval    
------------------
 +04 05:12:10.222
(1 row)

SELECT INTERVAL '4 5:12' DAY TO MINUTE;
  dsinterval  
--------------
 +04 05:12:00
(1 row)

SELECT INTERVAL '400 5' DAY(3) TO HOUR;
  dsinterval   
---------------
 +400 05:00:00
(1 row)

SELECT INTERVAL '400' DAY(3);
  dsinterval   
---------------
 +400 00:00:00
(1 row)

SELECT INTERVAL '11:12:10.2222222' HOUR TO SECOND(7);
      dsinterval      
----------------------
 +00 11:12:10.2222220
(1 row)

SELECT INTERVAL '11:20' HOUR TO MINUTE;
  dsinterval  
--------------
 +00 11:20:00
(1 row)

SELECT INTERVAL '10' HOUR;
  dsinterval  
--------------
 +00 10:00:00
(1 row)

SELECT INTERVAL '10:22' MINUTE TO SECOND;
     dsinterval      
---------------------
 +00 00:10:22.000000
(1 row)

SELECT INTERVAL '10' MINUTE;
  dsinterval  
--------------
 +00 00:10:00
(1 row)

SELECT INTERVAL '4' DAY;
  dsinterval  
--------------
 +04 00:00:00
(1 row)

SELECT INTERVAL '25' HOUR;
  dsinterval  
--------------
 +01 01:00:00
(1 row)

SELECT INTERVAL '40' MINUTE;
  dsinterval  
--------------
 +00 00:40:00
(1 row)

SELECT INTERVAL '120' HOUR(3);
  dsinterval   
---------------
 +005 00:00:00
(1 row)

SELECT INTERVAL '30.12345' SECOND(2,4);
    dsinterval     
-------------------
 +00 00:00:30.1235
(1 row)

-- The valid range of values for the trailing field are as follows:
-- HOUR: 0 to 23
-- MINUTE: 0 to 59
-- SECOND: 0 to 59.999999999
SELECT INTERVAL '400 24' DAY(3) TO HOUR;	--ERROR
ERROR:  hour must be between 0 and 23
LINE 1: SELECT INTERVAL '400 24' DAY(3) TO HOUR;
                        ^
SELECT INTERVAL '4 5:60' DAY TO MINUTE;		--ERROR
ERROR:  minutes must be between 0 and 59
LINE 1: SELECT INTERVAL '4 5:60' DAY TO MINUTE;
                        ^
SELECT INTERVAL '4 5:12:60' DAY TO SECOND(3);	--ERROR	
ERROR:  seconds must be between 0 and 59
LINE 1: SELECT INTERVAL '4 5:12:60' DAY TO SECOND(3);
                        ^
CREATE TABLE TEST_DSINTERVAL(a interval day(4) to second(6));
INSERT INTO TEST_DSINTERVAL (a) VALUES ('0 0:0:0');
INSERT INTO TEST_DSINTERVAL (a) VALUES ('1 1:1:1.123');
INSERT INTO TEST_DSINTERVAL (a) VALUES ('12 1:1:1.123456');
INSERT INTO TEST_DSINTERVAL (a) VALUES ('123 1:1:1.123456789');
INSERT INTO TEST_DSINTERVAL (a) VALUES ('1234 1:1:1.123456789');
-- Precision out of range
INSERT INTO TEST_DSINTERVAL (a) VALUES ('12345 1:1:1.123456');
ERROR:  Leading precision of the interval is too small
LINE 1: INSERT INTO TEST_DSINTERVAL (a) VALUES ('12345 1:1:1.123456'...
                                                ^
-- Comparison operator
SELECT * FROM TEST_DSINTERVAL WHERE TEST_DSINTERVAL.a = interval'12 1:1:1.123456' day to second;
           a           
-----------------------
 +0012 01:01:01.123456
(1 row)

SELECT * FROM TEST_DSINTERVAL WHERE TEST_DSINTERVAL.a <> interval'12 1:1:1.123456' day to second;
           a           
-----------------------
 +0000 00:00:00.000000
 +0001 01:01:01.123000
 +0123 01:01:01.123457
 +1234 01:01:01.123457
(4 rows)

SELECT * FROM TEST_DSINTERVAL WHERE TEST_DSINTERVAL.a > interval'12 1:1:1.123456' day to second;
           a           
-----------------------
 +0123 01:01:01.123457
 +1234 01:01:01.123457
(2 rows)

SELECT * FROM TEST_DSINTERVAL WHERE TEST_DSINTERVAL.a >= interval'12 1:1:1.123456' day to second;
           a           
-----------------------
 +0012 01:01:01.123456
 +0123 01:01:01.123457
 +1234 01:01:01.123457
(3 rows)

SELECT * FROM TEST_DSINTERVAL WHERE TEST_DSINTERVAL.a < interval'12 1:1:1.123456' day to second;
           a           
-----------------------
 +0000 00:00:00.000000
 +0001 01:01:01.123000
(2 rows)

SELECT * FROM TEST_DSINTERVAL WHERE TEST_DSINTERVAL.a <= interval'12 1:1:1.123456' day to second;
           a           
-----------------------
 +0000 00:00:00.000000
 +0001 01:01:01.123000
 +0012 01:01:01.123456
(3 rows)

-- "+" operator
SELECT TEST_DSINTERVAL.a + interval'1 1:1:1' day to second FROM TEST_DSINTERVAL;
           ?column?            
-------------------------------
 +000000001 01:01:01.000000000
 +000000002 02:02:02.123000000
 +000000013 02:02:02.123456000
 +000000124 02:02:02.123457000
 +000001235 02:02:02.123457000
(5 rows)

-- "-" operator
SELECT TEST_DSINTERVAL.a - interval'1 1:1:1' day to second FROM TEST_DSINTERVAL;
           ?column?            
-------------------------------
 -000000001 01:01:01.000000000
 +000000000 00:00:00.123000000
 +000000011 00:00:00.123456000
 +000000122 00:00:00.123457000
 +000001233 00:00:00.123457000
(5 rows)

-- AGGREGATE
SELECT MAX(a) FROM TEST_DSINTERVAL;
              max              
-------------------------------
 +000001234 01:01:01.123457000
(1 row)

SELECT MIN(a) FROM TEST_DSINTERVAL;
              min              
-------------------------------
 +000000000 00:00:00.000000000
(1 row)

-- index
CREATE INDEX test_dsinterval_btree on TEST_DSINTERVAL(a);
CREATE INDEX test_dsinterval_hash on TEST_DSINTERVAL USING hash (a);
CREATE INDEX test_dsinterval_brin on TEST_DSINTERVAL USING brin (a);
-- Large values must retain their mathematical ordering after their linear
-- microsecond representation exceeds int64.
WITH intervals AS (
    SELECT INTERVAL '106751992 00:00:00' DAY(9) TO SECOND AS ds_positive,
           INTERVAL '-106751992 00:00:00' DAY(9) TO SECOND AS ds_negative,
           INTERVAL '213503982 08:01:49.551616' DAY(9) TO SECOND(6) AS ds_wrap,
           INTERVAL '0 00:00:00' DAY TO SECOND AS ds_zero,
           INTERVAL '1000000-0' YEAR(9) TO MONTH AS ym_positive,
           INTERVAL '0-0' YEAR TO MONTH AS ym_zero
)
SELECT ds_positive > ds_zero AS ds_positive_gt_zero,
       ds_negative < ds_zero AS ds_negative_lt_zero,
       ym_positive > ym_zero AS ym_positive_gt_zero,
       ds_wrap = ds_zero AS ds_wraps_to_zero
FROM intervals;
 ds_positive_gt_zero | ds_negative_lt_zero | ym_positive_gt_zero | ds_wraps_to_zero 
---------------------+---------------------+---------------------+------------------
 t                   | t                   | t                   | f
(1 row)

WITH intervals AS (
    SELECT INTERVAL '106751992 00:00:00' DAY(9) TO SECOND AS ds_positive,
           INTERVAL '0 00:00:00' DAY TO SECOND AS ds_zero
)
SELECT ds_positive < ds_zero AS lt,
       ds_positive <= ds_zero AS le,
       ds_positive = ds_zero AS eq,
       ds_positive >= ds_zero AS ge,
       ds_positive > ds_zero AS gt,
       ds_positive <> ds_zero AS ne
FROM intervals;
 lt | le | eq | ge | gt | ne 
----+----+----+----+----+----
 f  | f  | f  | t  | t  | t
(1 row)

-- RANGE support must use the wide comparison value for offset sign and bounds.
SELECT sys.dsin_range(INTERVAL '0 00:00:00' DAY TO SECOND,
                       INTERVAL '0 00:00:00' DAY TO SECOND,
                       INTERVAL '106751992 00:00:00' DAY(9) TO SECOND,
                       true, true) AS sub_less,
       sys.dsin_range(INTERVAL '0 00:00:00' DAY TO SECOND,
                       INTERVAL '0 00:00:00' DAY TO SECOND,
                       INTERVAL '106751992 00:00:00' DAY(9) TO SECOND,
                       true, false) AS sub_greater,
       sys.dsin_range(INTERVAL '0 00:00:00' DAY TO SECOND,
                       INTERVAL '0 00:00:00' DAY TO SECOND,
                       INTERVAL '106751992 00:00:00' DAY(9) TO SECOND,
                       false, true) AS add_less,
       sys.dsin_range(INTERVAL '0 00:00:00' DAY TO SECOND,
                       INTERVAL '0 00:00:00' DAY TO SECOND,
                       INTERVAL '106751992 00:00:00' DAY(9) TO SECOND,
                       false, false) AS add_greater;
 sub_less | sub_greater | add_less | add_greater 
----------+-------------+----------+-------------
 f        | t           | t        | f
(1 row)

SELECT sys.ymin_range(INTERVAL '0-0' YEAR TO MONTH,
                      INTERVAL '0-0' YEAR TO MONTH,
                      INTERVAL '1000000-0' YEAR(9) TO MONTH,
                      false, true) AS ym_range_accepted;
 ym_range_accepted 
-------------------
 t
(1 row)

CREATE TEMP TABLE interval_overflow_ds_window(a interval day(9) to second(6));
INSERT INTO interval_overflow_ds_window VALUES
    (INTERVAL '0 00:00:00' DAY TO SECOND),
    (INTERVAL '106751992 00:00:00' DAY(9) TO SECOND);
SELECT count(*) OVER (ORDER BY a RANGE BETWEEN
                      INTERVAL '106751992 00:00:00' DAY(9) TO SECOND PRECEDING
                      AND CURRENT ROW) AS preceding_count,
       count(*) OVER (ORDER BY a RANGE BETWEEN CURRENT ROW AND
                      INTERVAL '106751992 00:00:00' DAY(9) TO SECOND FOLLOWING) AS following_count
FROM interval_overflow_ds_window ORDER BY a;
 preceding_count | following_count 
-----------------+-----------------
               1 |               2
               2 |               1
(2 rows)

CREATE TEMP TABLE interval_overflow_ym_window(a interval year(9) to month);
INSERT INTO interval_overflow_ym_window VALUES
    (INTERVAL '178956970-06' YEAR(9) TO MONTH),
    (INTERVAL '178956970-07' YEAR(9) TO MONTH);
SELECT count(*) OVER (ORDER BY a RANGE BETWEEN CURRENT ROW AND
                      INTERVAL '0-01' YEAR TO MONTH FOLLOWING) AS following_count
FROM interval_overflow_ym_window ORDER BY a;
 following_count 
-----------------
               2
               1
(2 rows)

-- Preserve low-64-bit hashes while equality distinguishes these values.
SELECT sys.dsinterval_hash(INTERVAL '213503982 08:01:49.551616' DAY(9) TO SECOND(6)) =
       sys.dsinterval_hash(INTERVAL '0 00:00:00' DAY TO SECOND) AS hash_low64_preserved,
       sys.dsinterval_hash_extended(INTERVAL '213503982 08:01:49.551616' DAY(9) TO SECOND(6), 42) =
       sys.dsinterval_hash_extended(INTERVAL '0 00:00:00' DAY TO SECOND, 42) AS extended_hash_low64_preserved;
 hash_low64_preserved | extended_hash_low64_preserved 
----------------------+-------------------------------
 t                    | t
(1 row)

CREATE TEMP TABLE interval_overflow_ds_unique(
    a interval day(9) to second(6) UNIQUE
);
INSERT INTO interval_overflow_ds_unique VALUES
    (INTERVAL '0 00:00:00' DAY TO SECOND),
    (INTERVAL '213503982 08:01:49.551616' DAY(9) TO SECOND(6));
SELECT a FROM interval_overflow_ds_unique ORDER BY a;
             a              
----------------------------
 +000000000 00:00:00.000000
 +213503982 08:01:49.551616
(2 rows)

SELECT count(DISTINCT a) AS distinct_count, min(a), max(a)
FROM interval_overflow_ds_unique;
 distinct_count |              min              |              max              
----------------+-------------------------------+-------------------------------
              2 | +000000000 00:00:00.000000000 | +213503982 08:01:49.551616000
(1 row)

-- drop table
DROP TABLE TEST_YMINTERVAL;
DROP TABLE TEST_DSINTERVAL;
