--
-- STANDARD_HASH
--
-- Oracle-compatible message digest function returning RAW.
--
-- known test vectors for 'abc' across all five algorithms
SELECT standard_hash('abc', 'MD5');
           standard_hash            
------------------------------------
 \x900150983cd24fb0d6963f7d28e17f72
(1 row)

SELECT standard_hash('abc', 'SHA1');
               standard_hash                
--------------------------------------------
 \xa9993e364706816aba3e25717850c26c9cd0d89d
(1 row)

SELECT standard_hash('abc', 'SHA256');
                           standard_hash                            
--------------------------------------------------------------------
 \xba7816bf8f01cfea414140de5dae2223b00361a396177a9cb410ff61f20015ad
(1 row)

SELECT standard_hash('abc', 'SHA384');
                                           standard_hash                                            
----------------------------------------------------------------------------------------------------
 \xcb00753f45a35e8bb5a03d699ac65007272c32ab0eded1631a8b605a43ff5bed8086072ba1e7cc2358baeca134c825a7
(1 row)

SELECT standard_hash('abc', 'SHA512');
                                                           standard_hash                                                            
------------------------------------------------------------------------------------------------------------------------------------
 \xddaf35a193617abacc417349ae20413112e6fa4e89a97ea20a9eeee64b55d39a2192992a274fc1a836ba3c23a3feebbd454d4423643ce80e2a9ac94fa54ca49f
(1 row)

-- the method argument defaults to SHA1, like in Oracle
SELECT standard_hash('abc') = standard_hash('abc', 'SHA1') AS default_is_sha1;
 default_is_sha1 
-----------------
 t
(1 row)

-- digest lengths: 16/20/32/48/64 bytes
SELECT octet_length(standard_hash('abc', 'MD5')) AS md5_len,
       octet_length(standard_hash('abc', 'SHA1')) AS sha1_len,
       octet_length(standard_hash('abc', 'SHA256')) AS sha256_len,
       octet_length(standard_hash('abc', 'SHA384')) AS sha384_len,
       octet_length(standard_hash('abc', 'SHA512')) AS sha512_len;
 md5_len | sha1_len | sha256_len | sha384_len | sha512_len 
---------+----------+------------+------------+------------
      16 |       20 |         32 |         48 |         64
(1 row)

-- multibyte input digests its UTF-8 bytes, like Oracle in an AL32UTF8 database
SELECT standard_hash('中', 'MD5');
           standard_hash            
------------------------------------
 \xaed1dfbc31703955e64806b799b67645
(1 row)

SELECT standard_hash('中文', 'SHA256');
                           standard_hash                            
--------------------------------------------------------------------
 \x72726d8818f693066ceb69afa364218b692e62ea92b385782363780f47529c21
(1 row)

-- a NULL input digests the empty string, like Oracle 23ai
SELECT standard_hash(NULL::text, 'MD5');
           standard_hash            
------------------------------------
 \xd41d8cd98f00b204e9800998ecf8427e
(1 row)

SELECT standard_hash(''::varchar, 'MD5');
           standard_hash            
------------------------------------
 \xd41d8cd98f00b204e9800998ecf8427e
(1 row)

SELECT standard_hash(NULL::text, 'MD5') = standard_hash('', 'MD5') AS null_is_empty_digest;
 null_is_empty_digest 
----------------------
 t
(1 row)

SELECT standard_hash('', 'SHA1');
               standard_hash                
--------------------------------------------
 \xda39a3ee5e6b4b0d3255bfef95601890afd80709
(1 row)

-- long input
SELECT octet_length(standard_hash(repeat('x', 3000), 'SHA256'));
 octet_length 
--------------
           32
(1 row)

-- raw result interoperates with bytea functions
SELECT get_byte(standard_hash('abc', 'MD5'), 0);
 get_byte 
----------
      144
(1 row)

-- the method name is matched case-sensitively; anything but the exact
-- spelling raises Oracle's ORA-03052
SELECT standard_hash('abc', 'md5');
ERROR:  invalid argument for STANDARD_HASH function
SELECT standard_hash('abc', 'Sha256');
ERROR:  invalid argument for STANDARD_HASH function
SELECT standard_hash('abc', 'MD4');
ERROR:  invalid argument for STANDARD_HASH function
SELECT standard_hash('abc', 'MD5 ');
ERROR:  invalid argument for STANDARD_HASH function
SELECT standard_hash('abc', NULL);
ERROR:  invalid argument for STANDARD_HASH function
