--
-- SPLIT PARTITION
--
-- Oracle-compatible ALTER TABLE ... SPLIT PARTITION syntax, supported
-- through the Oracle parser and executed by the PostgreSQL partitioning
-- engine.
--
--
-- RANGE partitioning
--
CREATE TABLE sales_range (salesperson_id int, sales_date date)
  PARTITION BY RANGE (sales_date);
CREATE TABLE sales_jan2022 PARTITION OF sales_range
  FOR VALUES FROM ('2022-01-01') TO ('2022-02-01');
CREATE TABLE sales_feb_mar_apr2022 PARTITION OF sales_range
  FOR VALUES FROM ('2022-02-01') TO ('2022-05-01');
CREATE TABLE sales_others PARTITION OF sales_range DEFAULT;
INSERT INTO sales_range VALUES
  (1, '2022-01-31'),
  (2, '2022-02-10'),
  (3, '2022-04-30'),
  (4, '2022-04-13'),
  (5, '2022-02-11'),
  (6, '2022-03-08'),
  (7, '2022-03-11');
SELECT tableoid::regclass, * FROM sales_range ORDER BY 1, 2;
       tableoid        | salesperson_id | sales_date 
-----------------------+----------------+------------
 sales_jan2022         |              1 | 2022-01-31
 sales_feb_mar_apr2022 |              2 | 2022-02-10
 sales_feb_mar_apr2022 |              3 | 2022-04-30
 sales_feb_mar_apr2022 |              4 | 2022-04-13
 sales_feb_mar_apr2022 |              5 | 2022-02-11
 sales_feb_mar_apr2022 |              6 | 2022-03-08
 sales_feb_mar_apr2022 |              7 | 2022-03-11
(7 rows)

-- split an existing range partition into three new partitions
ALTER TABLE sales_range SPLIT PARTITION sales_feb_mar_apr2022 INTO
  (PARTITION sales_feb2022 FOR VALUES FROM ('2022-02-01') TO ('2022-03-01'),
   PARTITION sales_mar2022 FOR VALUES FROM ('2022-03-01') TO ('2022-04-01'),
   PARTITION sales_apr2022 FOR VALUES FROM ('2022-04-01') TO ('2022-05-01'));
SELECT relname FROM pg_class
  WHERE relname LIKE 'sales_%' ORDER BY 1;
    relname    
---------------
 sales_apr2022
 sales_feb2022
 sales_jan2022
 sales_mar2022
 sales_others
 sales_range
(6 rows)

-- rows are redistributed to the new partitions
SELECT tableoid::regclass, * FROM sales_range ORDER BY 1, 2;
   tableoid    | salesperson_id | sales_date 
---------------+----------------+------------
 sales_jan2022 |              1 | 2022-01-31
 sales_feb2022 |              2 | 2022-02-10
 sales_feb2022 |              5 | 2022-02-11
 sales_mar2022 |              6 | 2022-03-08
 sales_mar2022 |              7 | 2022-03-11
 sales_apr2022 |              3 | 2022-04-30
 sales_apr2022 |              4 | 2022-04-13
(7 rows)

DROP TABLE sales_range;
--
-- LIST partitioning
--
CREATE TABLE sales_list (salesperson_id int, region text)
  PARTITION BY LIST (region);
CREATE TABLE sales_east_west PARTITION OF sales_list
  FOR VALUES IN ('east', 'west');
CREATE TABLE sales_others PARTITION OF sales_list DEFAULT;
INSERT INTO sales_list VALUES
  (1, 'east'),
  (2, 'west'),
  (3, 'north');
SELECT tableoid::regclass, * FROM sales_list ORDER BY 1, 2;
    tableoid     | salesperson_id | region 
-----------------+----------------+--------
 sales_east_west |              1 | east
 sales_east_west |              2 | west
 sales_others    |              3 | north
(3 rows)

-- split a list partition into two
ALTER TABLE sales_list SPLIT PARTITION sales_east_west INTO
  (PARTITION sales_east FOR VALUES IN ('east'),
   PARTITION sales_west FOR VALUES IN ('west'));
SELECT relname FROM pg_class
  WHERE relname LIKE 'sales_%' ORDER BY 1;
   relname    
--------------
 sales_east
 sales_list
 sales_others
 sales_west
(4 rows)

SELECT tableoid::regclass, * FROM sales_list ORDER BY 1, 2;
   tableoid   | salesperson_id | region 
--------------+----------------+--------
 sales_others |              3 | north
 sales_east   |              1 | east
 sales_west   |              2 | west
(3 rows)

DROP TABLE sales_list;
