--
-- ora_ascii.sql: test ASCII function
--
--
select ascii(321) from dual;
 ascii 
-------
    51
(1 row)

select ascii(213.3f) from dual;
 ascii 
-------
    50
(1 row)

select ascii(123.4d) from dual;
 ascii 
-------
    49
(1 row)

select ascii('abc') from dual;
 ascii 
-------
    97
(1 row)

select ascii('xyz') from dual;
 ascii 
-------
   120
(1 row)

select ascii(to_char('2026-01-01'::date,'DD-MON-YYYY HH24:MI:SS')) from dual;
 ascii 
-------
    48
(1 row)

select ascii(to_char('2026-01-11 01:02:03.00'::timestamp,'DD-MON-YYYY HH24:MI:SS.FF6')) from dual;
 ascii 
-------
    49
(1 row)

select ascii(to_char('2026-01-22 01:02:03.00 +01:00'::timestamptz,'DD-MON-YYYY HH24:MI:SS TZH:TZM')) from dual;
 ascii 
-------
    50
(1 row)

select ascii('') is null from dual;
 ?column? 
----------
 t
(1 row)

select ascii('A'::text) from dual;
 ascii 
-------
    65
(1 row)

select ascii('B'::sys.oravarcharbyte) from dual;
 ascii 
-------
    66
(1 row)

select ascii('C'::sys.oracharchar) from dual;
 ascii 
-------
    67
(1 row)

select ascii('D'::sys.oracharbyte) from dual;
 ascii 
-------
    68
(1 row)

select ascii(''::text) is null from dual;
 ?column? 
----------
 t
(1 row)

select ascii(''::sys.oravarcharbyte) is null from dual;
 ?column? 
----------
 t
(1 row)

select ascii(''::sys.oracharchar) is null from dual;
 ?column? 
----------
 t
(1 row)

select ascii(''::sys.oracharbyte) is null from dual;
 ?column? 
----------
 t
(1 row)

select ascii(NULL::text) is null from dual;
 ?column? 
----------
 t
(1 row)

select ascii(NULL::sys.oravarcharbyte) is null from dual;
 ?column? 
----------
 t
(1 row)

