-- Test UTL_RAW package
-- Basic CAST_TO_RAW: verify bytes are preserved
SELECT UTL_RAW.CAST_TO_RAW('hello');
 cast_to_raw  
--------------
 \x68656c6c6f
(1 row)

SELECT UTL_RAW.CAST_TO_RAW('ABC');
 cast_to_raw 
-------------
 \x414243
(1 row)

-- NULL input returns NULL
SELECT UTL_RAW.CAST_TO_RAW(NULL) IS NULL;
 ?column? 
----------
 t
(1 row)

-- Empty string
SELECT UTL_RAW.CAST_TO_RAW('');
 cast_to_raw 
-------------
 
(1 row)

-- Multi-byte characters (Chinese)
SELECT UTL_RAW.CAST_TO_RAW('你好');
  cast_to_raw   
----------------
 \xe4bda0e5a5bd
(1 row)

-- Mixed Chinese and ASCII characters
SELECT UTL_RAW.CAST_TO_RAW('你好ABC世界');
           cast_to_raw            
----------------------------------
 \xe4bda0e5a5bd414243e4b896e7958c
(1 row)

-- Package constants
SELECT UTL_RAW.big_endian;
ERROR:  "utl_raw"."big_endian": invalid identifier
LINE 1: SELECT UTL_RAW.big_endian;
               ^
-- Special characters
SELECT UTL_RAW.CAST_TO_RAW('a b c');
 cast_to_raw  
--------------
 \x6120622063
(1 row)

SELECT UTL_RAW.CAST_TO_RAW('\n');
 cast_to_raw 
-------------
 \x5c6e
(1 row)

-- =============================================================================
-- New UTL_RAW functions (LENGTH, CONCAT, REVERSE, COPIES, XRANGE, SUBSTR,
-- BIT_*, COMPARE, TRANSLATE, CAST_TO_VARCHAR2, CONVERT)
-- =============================================================================
-- LENGTH: byte length (Oracle returns NUMBER)
SELECT UTL_RAW.LENGTH(UTL_RAW.CAST_TO_RAW('hello')) AS len;
 len 
-----
 5
(1 row)

SELECT UTL_RAW.LENGTH(UTL_RAW.CAST_TO_RAW('')) AS len_empty;
 len_empty 
-----------
 
(1 row)

-- CONCAT: 2 arguments, 4 arguments and the maximum of 12 arguments
SELECT UTL_RAW.CONCAT(UTL_RAW.CAST_TO_RAW('AB'), UTL_RAW.CAST_TO_RAW('CD')) AS cat2;
    cat2    
------------
 \x41424344
(1 row)

SELECT UTL_RAW.CONCAT(UTL_RAW.CAST_TO_RAW('A'), UTL_RAW.CAST_TO_RAW('B'),
                      UTL_RAW.CAST_TO_RAW('C'), UTL_RAW.CAST_TO_RAW('D')) AS cat4;
    cat4    
------------
 \x41424344
(1 row)

SELECT UTL_RAW.CONCAT(UTL_RAW.CAST_TO_RAW('A'), UTL_RAW.CAST_TO_RAW('B'),
                      UTL_RAW.CAST_TO_RAW('C'), UTL_RAW.CAST_TO_RAW('D'),
                      UTL_RAW.CAST_TO_RAW('E'), UTL_RAW.CAST_TO_RAW('F'),
                      UTL_RAW.CAST_TO_RAW('G'), UTL_RAW.CAST_TO_RAW('H'),
                      UTL_RAW.CAST_TO_RAW('I'), UTL_RAW.CAST_TO_RAW('J'),
                      UTL_RAW.CAST_TO_RAW('K'), UTL_RAW.CAST_TO_RAW('L')) AS cat12;
           cat12            
----------------------------
 \x4142434445464748494a4b4c
(1 row)

-- REVERSE: byte order reversed
SELECT UTL_RAW.REVERSE(UTL_RAW.CAST_TO_RAW('ABC')) AS rev;
   rev    
----------
 \x434241
(1 row)

-- COPIES: repeated n times (Oracle requires n >= 1)
SELECT UTL_RAW.COPIES(UTL_RAW.CAST_TO_RAW('AB'), 3) AS copies;
     copies     
----------------
 \x414241424142
(1 row)

-- XRANGE: inclusive byte range; default bounds are 0 and 255
SELECT UTL_RAW.XRANGE(65, 67) AS xr;
    xr    
----------
 \x414243
(1 row)

SELECT UTL_RAW.XRANGE(67, 65) IS NULL AS xr_inverted;
 xr_inverted 
-------------
 t
(1 row)

SELECT UTL_RAW.LENGTH(UTL_RAW.XRANGE()) AS xr_defaults;
 xr_defaults 
-------------
 256
(1 row)

SELECT UTL_RAW.LENGTH(UTL_RAW.XRANGE(65)) AS xr_one_bound;
 xr_one_bound 
--------------
 191
(1 row)

-- SUBSTR: Oracle position semantics (1-based, negative counts from the
-- end; pos 0, an out-of-range pos and a bad len raise an error)
SELECT UTL_RAW.SUBSTR(UTL_RAW.CAST_TO_RAW('ABCDE'), 2, 3) AS sub;
   sub    
----------
 \x424344
(1 row)

SELECT UTL_RAW.SUBSTR(UTL_RAW.CAST_TO_RAW('ABCDE'), -2) AS sub_from_end;
 sub_from_end 
--------------
 \x4445
(1 row)

SELECT UTL_RAW.SUBSTR(UTL_RAW.CAST_TO_RAW('ABCDE'), 3) AS sub_rest;
 sub_rest 
----------
 \x434445
(1 row)

-- BIT_AND / BIT_OR / BIT_XOR / BIT_COMPLEMENT
-- (HEXTORAW makes sure the inputs really are the hex byte values)
SELECT UTL_RAW.BIT_AND(HEXTORAW('F0'), HEXTORAW('0F')) AS band;
 band 
------
 \x00
(1 row)

SELECT UTL_RAW.BIT_OR(HEXTORAW('F0'), HEXTORAW('0F')) AS bor;
 bor  
------
 \xff
(1 row)

SELECT UTL_RAW.BIT_XOR(HEXTORAW('FF'), HEXTORAW('0F')) AS bxor;
 bxor 
------
 \xf0
(1 row)

SELECT UTL_RAW.BIT_COMPLEMENT(HEXTORAW('0F')) AS bcomp;
 bcomp 
-------
 \xf0
(1 row)

-- BIT_* with operands of different lengths: the operation covers the
-- shorter operand and the longer operand's tail is appended (Oracle)
SELECT UTL_RAW.BIT_AND(HEXTORAW('F0FF'), HEXTORAW('0F')) AS band_uneq;
 band_uneq 
-----------
 \x00ff
(1 row)

SELECT UTL_RAW.BIT_OR(HEXTORAW('0F'), HEXTORAW('F0FF')) AS bor_uneq;
 bor_uneq 
----------
 \xffff
(1 row)

-- COMPARE: 0 when equal (a NULL pad defaults to a single 0x00 byte that
-- pads the shorter value), otherwise the 1-based position of the first
-- mismatched byte (Oracle)
SELECT UTL_RAW.COMPARE(UTL_RAW.CAST_TO_RAW('AB'), UTL_RAW.CAST_TO_RAW('AB')) AS cmp_eq;
 cmp_eq 
--------
 0
(1 row)

SELECT UTL_RAW.COMPARE(UTL_RAW.CAST_TO_RAW('AA'), UTL_RAW.CAST_TO_RAW('AB')) AS cmp_pos2;
 cmp_pos2 
----------
 2
(1 row)

SELECT UTL_RAW.COMPARE(UTL_RAW.CAST_TO_RAW('AB')
                       || HEXTORAW('00'), UTL_RAW.CAST_TO_RAW('AB')) AS cmp_nulpad_eq;
 cmp_nulpad_eq 
---------------
 0
(1 row)

SELECT UTL_RAW.COMPARE(UTL_RAW.CAST_TO_RAW('AB'), UTL_RAW.CAST_TO_RAW('AB')
                       || HEXTORAW('00')) AS cmp_nulpad_eq2;
 cmp_nulpad_eq2 
----------------
 0
(1 row)

SELECT UTL_RAW.COMPARE(UTL_RAW.CAST_TO_RAW('AB')
                       || HEXTORAW('01'), UTL_RAW.CAST_TO_RAW('AB')) AS cmp_nulpad_pos3;
 cmp_nulpad_pos3 
-----------------
 3
(1 row)

SELECT UTL_RAW.COMPARE(UTL_RAW.CAST_TO_RAW('AB'), UTL_RAW.CAST_TO_RAW('AB')
                       || HEXTORAW('01')) AS cmp_nulpad_pos3b;
 cmp_nulpad_pos3b 
------------------
 3
(1 row)

SELECT UTL_RAW.COMPARE(UTL_RAW.CAST_TO_RAW('AB'), UTL_RAW.CAST_TO_RAW('ABC'),
                       HEXTORAW('00')) AS cmp_pad_pos3;
 cmp_pad_pos3 
--------------
 3
(1 row)

SELECT UTL_RAW.COMPARE(UTL_RAW.CAST_TO_RAW('ABC'), UTL_RAW.CAST_TO_RAW('AB'),
                       HEXTORAW('00')) AS cmp_pad_pos3b;
 cmp_pad_pos3b 
---------------
 3
(1 row)

-- TRANSLATE: byte mapping with deletion for unmatched 'from' bytes;
-- repeated bytes in from_set are ignored after the first occurrence
SELECT UTL_RAW.TRANSLATE(UTL_RAW.CAST_TO_RAW('ABCA'), UTL_RAW.CAST_TO_RAW('A'),
                         UTL_RAW.CAST_TO_RAW('X')) AS tr;
     tr     
------------
 \x58424358
(1 row)

SELECT UTL_RAW.TRANSLATE(UTL_RAW.CAST_TO_RAW('ABCA'), UTL_RAW.CAST_TO_RAW('AB'),
                         UTL_RAW.CAST_TO_RAW('X')) AS tr_del;
  tr_del  
----------
 \x584358
(1 row)

SELECT UTL_RAW.TRANSLATE(UTL_RAW.CAST_TO_RAW('ABCA'), UTL_RAW.CAST_TO_RAW('ABA'),
                         UTL_RAW.CAST_TO_RAW('XY')) AS tr_dup;
   tr_dup   
------------
 \x58594358
(1 row)

-- CAST_TO_VARCHAR2: interpret RAW bytes as database-encoding text
SELECT UTL_RAW.CAST_TO_VARCHAR2(UTL_RAW.CAST_TO_RAW('hello')) AS c2v;
  c2v  
-------
 hello
(1 row)

-- CONVERT: charset conversion (Oracle arg order: r, to_charset, from_charset)
SELECT UTL_RAW.CONVERT(UTL_RAW.CAST_TO_RAW('hello'), 'UTF8', 'UTF8') AS convert;
   convert    
--------------
 \x68656c6c6f
(1 row)

SELECT UTL_RAW.CONVERT(HEXTORAW('C3A9'), 'LATIN1', 'UTF8') AS convert_latin1;
 convert_latin1 
----------------
 \xe9
(1 row)

-- NULL handling
SELECT UTL_RAW.LENGTH(NULL) IS NULL AS len_null;
 len_null 
----------
 t
(1 row)

SELECT UTL_RAW.REVERSE(NULL) IS NULL AS rev_null;
 rev_null 
----------
 t
(1 row)

SELECT UTL_RAW.CONCAT(UTL_RAW.CAST_TO_RAW('AB'), NULL) IS NULL AS cat_null;
 cat_null 
----------
 t
(1 row)

SELECT UTL_RAW.SUBSTR(NULL, 1) IS NULL AS sub_null;
 sub_null 
----------
 t
(1 row)

SELECT UTL_RAW.BIT_AND(NULL, NULL) IS NULL AS band_null;
 band_null 
-----------
 t
(1 row)

SELECT UTL_RAW.COMPARE(NULL, NULL) AS cmp_null;
 cmp_null 
----------
 0
(1 row)

SELECT UTL_RAW.TRANSLATE(NULL, NULL, NULL) IS NULL AS tr_null;
 tr_null 
---------
 t
(1 row)

SELECT UTL_RAW.CAST_TO_VARCHAR2(NULL) IS NULL AS c2v_null;
 c2v_null 
----------
 t
(1 row)

-- Error cases (Oracle raises VALUE_ERROR / invalid parameter): COPIES with
-- n < 1 or a NULL/empty r, SUBSTR with pos = 0, an out-of-range pos or a
-- bad len, COMPARE with a multi-byte pad, XRANGE with out-of-range bounds,
-- and CAST_TO_VARCHAR2 with bytes invalid in the database encoding
\set VERBOSITY terse
SELECT UTL_RAW.COPIES(UTL_RAW.CAST_TO_RAW('AB'), 0) AS copies_zero;
ERROR:  UTL_RAW.COPIES: n must be at least 1
SELECT UTL_RAW.COPIES(UTL_RAW.CAST_TO_RAW('AB'), -1) AS copies_neg;
ERROR:  UTL_RAW.COPIES: n must be at least 1
SELECT UTL_RAW.COPIES(NULL, 3) AS copies_null;
ERROR:  UTL_RAW.COPIES: r must not be NULL or empty
SELECT UTL_RAW.COPIES(UTL_RAW.CAST_TO_RAW(''), 3) AS copies_empty;
ERROR:  UTL_RAW.COPIES: r must not be NULL or empty
SELECT UTL_RAW.SUBSTR(UTL_RAW.CAST_TO_RAW('ABCDE'), 0) AS sub_zero;
ERROR:  UTL_RAW.SUBSTR: position must not be 0
SELECT UTL_RAW.SUBSTR(UTL_RAW.CAST_TO_RAW('ABCDE'), 10) AS sub_beyond;
ERROR:  UTL_RAW.SUBSTR: position is out of range
SELECT UTL_RAW.SUBSTR(UTL_RAW.CAST_TO_RAW('ABCDE'), 2, 0) AS sub_len0;
ERROR:  UTL_RAW.SUBSTR: length must be at least 1
SELECT UTL_RAW.SUBSTR(UTL_RAW.CAST_TO_RAW('ABCDE'), 2, 99) AS sub_len_beyond;
ERROR:  UTL_RAW.SUBSTR: length is out of range
SELECT UTL_RAW.COMPARE(UTL_RAW.CAST_TO_RAW('AB'), UTL_RAW.CAST_TO_RAW('AB'),
                       HEXTORAW('0000')) AS cmp_pad_len;
ERROR:  UTL_RAW.COMPARE: pad must be a single byte
SELECT UTL_RAW.XRANGE(300, 301) AS xr_range;
ERROR:  UTL_RAW.XRANGE: start and end must be between 0 and 255
SELECT UTL_RAW.CAST_TO_VARCHAR2(HEXTORAW('FF')) AS c2v_bad_enc;
ERROR:  invalid byte sequence for encoding "UTF8": 0xff
\set VERBOSITY default
-- CAST_TO_RAW preserves bytes in a non-UTF8 database
\set original_db :DBNAME
CREATE DATABASE utl_raw_latin1
    TEMPLATE template0 ENCODING 'LATIN1' LC_COLLATE 'C' LC_CTYPE 'C';
\c utl_raw_latin1
SELECT pg_catalog.encode(
    UTL_RAW.CAST_TO_RAW(pg_catalog.convert_from(pg_catalog.decode('e9', 'hex'), 'LATIN1')),
    'hex');
 encode 
--------
 e9
(1 row)

\c :original_db
DROP DATABASE utl_raw_latin1;
