--
-- utl_encode.sql
--
-- Tests for UTL_ENCODE package (BASE64_ENCODE and BASE64_DECODE functions)
--
-- ============================================================
-- Tests for UTL_ENCODE.BASE64_ENCODE
-- ============================================================
-- NULL input returns NULL (STRICT modifier)
SELECT utl_encode.base64_encode(NULL) IS NULL;
 ?column? 
----------
 t
(1 row)

-- Basic encoding: hextoraw('48656C6C6F') = 'Hello' bytes
-- Expected: 'SGVsbG8=\n' = hextoraw('534756736247383D0A')
SELECT rawtohex(utl_encode.base64_encode(hextoraw('48656C6C6F'))) = '534756736247383D0A';
 ?column? 
----------
 t
(1 row)

-- Round-trip at line-break boundary: 48 bytes (exactly 1 line of 64 base64 chars)
-- hextoraw(rpad('0',96,'0')) produces 48 zero bytes
SELECT utl_encode.base64_decode(utl_encode.base64_encode(
    hextoraw(rpad('0', 96, '0'))
)) = hextoraw(rpad('0', 96, '0'));
 ?column? 
----------
 t
(1 row)

-- Round-trip at line-break boundary: 49 bytes (spans 2 lines)
SELECT utl_encode.base64_decode(utl_encode.base64_encode(
    hextoraw(rpad('0', 98, '0'))
)) = hextoraw(rpad('0', 98, '0'));
 ?column? 
----------
 t
(1 row)

-- PL/iSQL package interface test for encode
DECLARE
    v_src     RAW(100) := hextoraw('48656C6C6F');
    v_encoded RAW(200);
    line      TEXT;
    status    INTEGER;
BEGIN
    v_encoded := utl_encode.base64_encode(v_src);
    dbms_output.enable();
    dbms_output.put_line('encoded=' || rawtohex(v_encoded));
    dbms_output.get_line(line, status);
    RAISE NOTICE '%', line;
END;
/
NOTICE:  encoded=534756736247383D0A
-- ============================================================
-- Tests for UTL_ENCODE.BASE64_DECODE
-- ============================================================
-- NULL input returns NULL (STRICT modifier)
SELECT utl_encode.base64_decode(NULL) IS NULL;
 ?column? 
----------
 t
(1 row)

-- Decode known base64 string: 'SGVsbG8=\n' -> 'Hello' bytes
-- hextoraw('534756736247383D0A') = 'SGVsbG8=\n', hextoraw('48656C6C6F') = 'Hello'
SELECT rawtohex(utl_encode.base64_decode(hextoraw('534756736247383D0A'))) = '48656C6C6F';
 ?column? 
----------
 t
(1 row)

-- Round-trip: base64_decode(base64_encode(x)) = x for 'Hello'
SELECT utl_encode.base64_decode(utl_encode.base64_encode(
    hextoraw('48656C6C6F')
)) = hextoraw('48656C6C6F');
 ?column? 
----------
 t
(1 row)

-- Round-trip: large input (200 bytes, multiple lines of encoded output)
-- hextoraw(rpad('AB',400,'AB')) produces 200 bytes of 0xAB
SELECT utl_encode.base64_decode(utl_encode.base64_encode(
    hextoraw(rpad('AB', 400, 'AB'))
)) = hextoraw(rpad('AB', 400, 'AB'));
 ?column? 
----------
 t
(1 row)

-- Whitespace-only input returns empty RAW
-- hextoraw('0A0D200A') = LF CR SP LF; rawtohex of empty RAW returns NULL in Oracle mode
SELECT rawtohex(utl_encode.base64_decode(hextoraw('0A0D200A'))) IS NULL;
 ?column? 
----------
 t
(1 row)

-- Invalid base64 characters raise ERROR
-- hextoraw('5A5A5A21') = 'ZZZ!' where '!' is not a valid base64 character
SELECT utl_encode.base64_decode(hextoraw('5A5A5A21'));
ERROR:  UTL_ENCODE.BASE64_DECODE: invalid base64 input
CONTEXT:  PL/iSQL function sys.utl_encode.base64_decode line 8 at RETURN
-- PL/iSQL package interface test for decode
DECLARE
    v_src     RAW(100) := hextoraw('48656C6C6F');
    v_encoded RAW(200);
    v_decoded RAW(200);
    line      TEXT;
    status    INTEGER;
BEGIN
    v_encoded := utl_encode.base64_encode(v_src);
    v_decoded := utl_encode.base64_decode(v_encoded);
    dbms_output.enable();
    dbms_output.put_line('round_trip_match=' || CASE WHEN v_decoded = v_src THEN 't' ELSE 'f' END);
    dbms_output.get_line(line, status);
    RAISE NOTICE '%', line;
END;
/
NOTICE:  round_trip_match=t-- ============================================================
-- Tests for UTL_ENCODE.TEXT_ENCODE / TEXT_DECODE
-- ============================================================

-- NULL input returns NULL
SELECT utl_encode.text_encode(NULL::text) IS NULL;
 ?column? 
-----------
 t
(1 row)

-- ASCII passes through unchanged (NULL charset = database encoding)
SELECT rawtohex(utl_encode.text_encode('abc')) = '616263';
 ?column? 
-----------
 t
(1 row)

SELECT rawtohex(utl_encode.text_encode('abc', NULL)) = '616263';
 ?column? 
-----------
 t
(1 row)

-- convert UTF-8 'café' to LATIN1: 63 61 66 E9
SELECT rawtohex(utl_encode.text_encode('café', 'LATIN1')) = '636166E9';
 ?column? 
-----------
 t
(1 row)

-- TEXT_DECODE converts LATIN1 bytes back to the database encoding
SELECT utl_encode.text_decode(hextoraw('636166E9'), 'LATIN1') = 'café';
 ?column? 
-----------
 t
(1 row)

SELECT utl_encode.text_decode(utl_encode.text_encode('café', 'LATIN1'), 'LATIN1') = 'café';
 ?column? 
-----------
 t
(1 row)

-- invalid charset / invalid bytes raise errors (caught and reported)
DO $$
BEGIN
  BEGIN
    PERFORM utl_encode.text_encode('text', 'no-such-charset');
  EXCEPTION WHEN others THEN
    RAISE NOTICE 'bad charset caught: %', SQLERRM;
  END;
  BEGIN
    PERFORM utl_encode.text_decode(hextoraw('93'));
  EXCEPTION WHEN others THEN
    RAISE NOTICE 'bad bytes caught: %', SQLERRM;
  END;
END $$;
NOTICE:  bad charset caught: UTL_ENCODE.TEXT_ENCODE: unrecognized character set "no-such-charset"
NOTICE:  bad bytes caught: invalid byte sequence for encoding "UTF8": 0x93
DO

-- ============================================================
-- Tests for UTL_ENCODE.UUENCODE / UUDECODE
-- ============================================================

SELECT rawtohex(utl_encode.uuencode('abc'::bytea)) = '23383629430A';
 ?column? 
-----------
 t
(1 row)

SELECT rawtohex(utl_encode.uuencode('Hello'::bytea)) = '253226354C3B265C200A';
 ?column? 
-----------
 t
(1 row)

SELECT utl_encode.uudecode(utl_encode.uuencode('Hello'::bytea)) = 'Hello'::bytea;
 ?column? 
-----------
 t
(1 row)

SELECT utl_encode.uudecode(utl_encode.uuencode(hextoraw(rpad('0', 96, '0')))) = hextoraw(rpad('0', 96, '0'));
 ?column? 
-----------
 t
(1 row)

SELECT utl_encode.uuencode(''::bytea) = ''::bytea;
 ?column? 
-----------
 t
(1 row)

-- ============================================================
-- Tests for QUOTED_PRINTABLE_ENCODE / QUOTED_PRINTABLE_DECODE
-- ============================================================

SELECT rawtohex(utl_encode.quoted_printable_encode('A=B'::bytea)) = '413D334442';
 ?column? 
-----------
 t
(1 row)

SELECT rawtohex(utl_encode.quoted_printable_encode('Hello world'::bytea)) = '48656C6C6F20776F726C64';
 ?column? 
-----------
 t
(1 row)

-- UTF-8 'café' -> 'caf=C3=A9'
SELECT rawtohex(utl_encode.quoted_printable_encode('café'::bytea)) = '6361663D43333D4139';
 ?column? 
-----------
 t
(1 row)

SELECT utl_encode.quoted_printable_decode('A=3DB'::bytea) = 'A=B'::bytea;
 ?column? 
-----------
 t
(1 row)

-- '=\n' soft line break is dropped
SELECT utl_encode.quoted_printable_decode('AB=0AC'::bytea) = 'AB' || chr(10) || 'C';
 ?column? 
-----------
 t
(1 row)

-- NUL / LF become =00 / =0A
SELECT rawtohex(utl_encode.quoted_printable_encode('\x000A'::bytea)) = '3D003D0A';
 ?column? 
-----------
 t
(1 row)
