--
-- tests for utl_file package
--
-- insert a few directory objects for testing
insert into sys.utl_file_directory(dirname, dir)
select 'data_directory', current_setting('data_directory');
-- test case for fopen with invalid directory object name
declare
    f sys.ora_utl_file_file_type;
begin
    -- an invalid directory object name
    f := utl_file.fopen('wrong_directory','regress.txt','a',1024);
end;
/
ERROR:  INVALID_PATH
DETAIL:  File location is invalid.
HINT:  locality is not found in sys.utl_file_directory table
CONTEXT:  PL/iSQL function sys.utl_file.fopen line 57 at assignment
PL/iSQL function inline_code_block line 5 at assignment
-- test fopen, put, putf, put_line, new_line, get_line, is_open, fclose, fclose_all
declare
    f sys.ora_utl_file_file_type;
    line text;
    i integer;
begin
    f := utl_file.fopen('data_directory', 'regress.txt', 'w');
    -- data writing
    utl_file.put_line(f, 'abc');
    utl_file.put_line(f, '123'::numeric);
    utl_file.put_line(f, '-----');
    utl_file.new_line(f);
    utl_file.put_line(f, '-----');
    utl_file.new_line(f, 0);
    utl_file.put_line(f, '-----');
    utl_file.new_line(f, 2);
    utl_file.put_line(f, '-----');
    utl_file.put(f, 'a');
    utl_file.put(f, 'b');
    utl_file.new_line(f);
    utl_file.putf(f, '[1=%s, 2=%s, 3=%s, 4=%s, 5=%s]', '1', '2', '3', '4', '5');
    utl_file.new_line(f);
    utl_file.put_line(f, '1234567890');
    utl_file.fclose(f);
    f := utl_file.fopen('data_directory', 'regress.txt', 'r');
    -- data reading
    i := 1;
    utl_file.get_line(f, line);
    while line is not null and i < 11 loop
        raise notice '[%] >>%<<', i, line;
        utl_file.get_line(f, line);
        i:=i+1;
    end loop;
    while line is not null loop
        raise notice '[%] >>%<<', i, line;
        utl_file.get_line(f, line, 3);
        i:=i+1;
    end loop;
    raise notice '>>%<<', line;
    utl_file.fclose(f);
    exception
        when others then
            raise notice 'exception: % ', sqlerrm;
            raise notice 'is_open(f) = %', utl_file.is_open(f);
            utl_file.fclose_all();
            raise notice 'is_open(f) = %', utl_file.is_open(f);
end;
/
NOTICE:  [1] >>abc<<
NOTICE:  [2] >>123<<
NOTICE:  [3] >>-----<<
NOTICE:  [4] >><<
NOTICE:  [5] >>-----<<
NOTICE:  [6] >>-----<<
NOTICE:  [7] >><<
NOTICE:  [8] >><<
NOTICE:  [9] >>-----<<
NOTICE:  [10] >>ab<<
NOTICE:  [11] >>[1=1, 2=2, 3=3, 4=4, 5=5]<<
NOTICE:  [12] >>123<<
NOTICE:  [13] >>456<<
NOTICE:  [14] >>789<<
NOTICE:  [15] >>0<<
NOTICE:  >><NULL><<
-- test fgetattr, fcopy, fremove, frename
declare
    fexists boolean;
    file_length number;
    block_size integer;
begin
    utl_file.fgetattr('data_directory', 'regress.txt', fexists, file_length, block_size);
    raise notice 'fexists = %, file_length = %, block_size = %', fexists, file_length, block_size;
    utl_file.fcopy('data_directory', 'regress.txt', 'data_directory', 'regress2.txt');
    utl_file.fgetattr('data_directory', 'regress2.txt', fexists, file_length, block_size);
    raise notice 'fexists = %, file_length = %, block_size = %', fexists, file_length, block_size;
    utl_file.fremove('data_directory', 'regress2.txt');
    utl_file.fgetattr('data_directory', 'regress2.txt', fexists, file_length, block_size);
    raise notice 'fexists = %, file_length = %, block_size = %', fexists, file_length, block_size;
    utl_file.frename('data_directory', 'regress.txt', 'data_directory', 'regress2.txt', true);
    utl_file.fgetattr('data_directory', 'regress2.txt', fexists, file_length, block_size);
    raise notice 'fexists = %, file_length = %, block_size = %', fexists, file_length, block_size;
end;
/
NOTICE:  fexists = t, file_length = 75, block_size = 4096
NOTICE:  fexists = t, file_length = 75, block_size = 4096
NOTICE:  fexists = f, file_length = <NULL>, block_size = <NULL>
NOTICE:  fexists = t, file_length = 75, block_size = 4096
-- test fflush, fseek
declare
    f sys.ora_utl_file_file_type;
    f1 sys.ora_utl_file_file_type;
    line text;
    i integer;
    line2_pos integer;
begin
    f := utl_file.fopen('data_directory', 'regressflush.txt', 'w');
    f1 := utl_file.fopen('data_directory', 'regressflush.txt', 'r');
    -- data writing
    for i in 1..5 loop
        utl_file.put_line(f, 'line ' || i::text);
    end loop;
    -- data reading before fflush
    raise notice 'data read before fflush';
    utl_file.get_line(f1, line);
    while line is not null loop
        raise notice '>>%<<', line;
        utl_file.get_line(f1, line);
    end loop;
    raise notice '>>%<<', line;
    utl_file.fflush(f);
    -- data reading after fflush
    utl_file.fseek(f1, 0, NULL); -- reset offset to 0
    raise notice 'data read after fflush';
    utl_file.get_line(f1, line);
    line2_pos := utl_file.fgetpos(f1); -- after reading line 1, get position
    while line is not null loop
        raise notice '>>%<<', line;
        utl_file.get_line(f1, line);
    end loop;
    raise notice '>>%<<', line;
    raise notice 'lets print line#2 again';
    utl_file.fseek(f1, line2_pos, NULL); -- seek to line 2 position
    utl_file.get_line(f1, line);
    raise notice '>>%<<', line;
    raise notice 'lets print line#2 again via relative seek';
    utl_file.fseek(f1, NULL, -7); -- move back one fixed "line X\n"
    utl_file.get_line(f1, line);
    raise notice '>>%<<', line;
    utl_file.fclose_all();
    exception
        when others then
            raise notice 'exception: % ', sqlerrm;
            raise notice 'is_open(f) = %', utl_file.is_open(f);
            raise notice 'is_open(f1) = %', utl_file.is_open(f1);
            utl_file.fclose_all();
            raise notice 'is_open(f) = %', utl_file.is_open(f);
            raise notice 'is_open(f1) = %', utl_file.is_open(f1);
end;
/
NOTICE:  data read before fflush
NOTICE:  >><NULL><<
NOTICE:  data read after fflush
NOTICE:  >>line 1<<
NOTICE:  >>line 2<<
NOTICE:  >>line 3<<
NOTICE:  >>line 4<<
NOTICE:  >>line 5<<
NOTICE:  >><NULL><<
NOTICE:  lets print line#2 again
NOTICE:  >>line 2<<
NOTICE:  lets print line#2 again via relative seek
NOTICE:  >>line 2<<
-- invalid FSEEK offsets must not move the file position
declare
    f sys.ora_utl_file_file_type;
    fexists boolean;
    file_length number;
    seek_offset integer;
    block_size integer;
begin
    utl_file.fgetattr('data_directory', 'regressflush.txt',
                      fexists, file_length, block_size);
    seek_offset := file_length;
    f := utl_file.fopen('data_directory', 'regressflush.txt', 'r');
    begin
        utl_file.fseek(f);
    exception
        when others then
            raise notice 'null offsets: %, position: %', sqlerrm,
                         utl_file.fgetpos(f);
    end;
    begin
        utl_file.fseek(f, -1, NULL);
    exception
        when others then
            raise notice 'negative absolute offset: %, position: %', sqlerrm,
                         utl_file.fgetpos(f);
    end;
    begin
        utl_file.fseek(f, seek_offset + 1, NULL);
    exception
        when others then
            raise notice 'absolute offset past EOF: %, position: %', sqlerrm,
                         utl_file.fgetpos(f);
    end;
    begin
        utl_file.fseek(f, NULL, seek_offset + 1);
    exception
        when others then
            raise notice 'relative offset past EOF: %, position: %', sqlerrm,
                         utl_file.fgetpos(f);
    end;
    utl_file.fseek(f, 1, NULL);
    begin
        utl_file.fseek(f, NULL, -2);
    exception
        when others then
            raise notice 'relative offset before start: %, position: %', sqlerrm,
                         utl_file.fgetpos(f);
    end;
    utl_file.fseek(f, seek_offset, NULL);
    raise notice 'offset at EOF accepted: %',
                 utl_file.fgetpos(f) = seek_offset;
    utl_file.fclose(f);
end;
/
NOTICE:  null offsets: INVALID_OFFSET, position: 0
NOTICE:  negative absolute offset: INVALID_OFFSET, position: 0
NOTICE:  absolute offset past EOF: INVALID_OFFSET, position: 0
NOTICE:  relative offset past EOF: INVALID_OFFSET, position: 0
NOTICE:  relative offset before start: INVALID_OFFSET, position: 1
NOTICE:  offset at EOF accepted: t
-- FSEEK on a write handle must see data that is still buffered
declare
    f sys.ora_utl_file_file_type;
begin
    f := utl_file.fopen('data_directory', 'regressseek.txt', 'w');
    utl_file.put_line(f, 'abc');   -- 4 bytes, still in the stdio buffer
    utl_file.fseek(f, NULL, -2);
    raise notice 'buffered relative seek position: %', utl_file.fgetpos(f);
    utl_file.fseek(f, 2, NULL);
    raise notice 'buffered write seek position: %', utl_file.fgetpos(f);
    utl_file.fclose(f);
end;
/
NOTICE:  buffered relative seek position: 2
NOTICE:  buffered write seek position: 2
-- test cases for automatic file closing on session terminated/rollback etc
declare
    f sys.ora_utl_file_file_type;
begin
    f := utl_file.fopen('data_directory','regress.txt','a',1024);
    raise notice 'is_open = %', utl_file.is_open(f);
    commit;
    raise notice 'is_open = %', utl_file.is_open(f);
    rollback;
    raise notice 'is_open = %', utl_file.is_open(f);
end;
/
NOTICE:  is_open = t
NOTICE:  is_open = t
NOTICE:  is_open = f
-- test FGETS: complete, empty and partial lines, and end-of-file behavior
-- FGETS never raises NO_DATA_FOUND: at EOF it returns FALSE and the
-- caller's buffer is left unchanged.  It returns TRUE only when the line
-- was longer than len / max_linesize so only part of it was stored.
declare
    f sys.ora_utl_file_file_type;
    ok boolean;
    buf varchar2(100);
begin
    f := utl_file.fopen('data_directory', 'regress_fgets.txt', 'w');
    utl_file.put_line(f, 'abc');
    utl_file.put_line(f, '12345678901234567890'); -- 20 chars, longer than any len used below
    utl_file.new_line(f);                         -- empty line
    utl_file.fclose(f);
    f := utl_file.fopen('data_directory', 'regress_fgets.txt', 'r');
    ok := utl_file.fgets(f, buf, 100);
    raise notice 'fgets 1: partial=%, buf=[%]', ok, buf;
    -- partial reads of the 20-character line: 5 bytes at a time
    ok := utl_file.fgets(f, buf, 5);
    raise notice 'fgets 2: partial=%, buf=[%]', ok, buf;
    ok := utl_file.fgets(f, buf, 5);
    raise notice 'fgets 3: partial=%, buf=[%]', ok, buf;
    ok := utl_file.fgets(f, buf, 5);
    raise notice 'fgets 4: partial=%, buf=[%]', ok, buf;
    ok := utl_file.fgets(f, buf, 5);
    raise notice 'fgets 5: partial=%, buf=[%]', ok, buf;
    -- empty line
    ok := utl_file.fgets(f, buf, 5);
    raise notice 'fgets 6: partial=%, buf=[%]', ok, buf;
    -- end of file: FALSE returned and buffer keeps its previous value
    ok := utl_file.fgets(f, buf, 5);
    raise notice 'fgets 7: partial=%, buf=[%]', ok, buf;
    ok := utl_file.fgets(f, buf, 5);
    raise notice 'fgets 8: partial=%, buf=[%]', ok, buf;
    utl_file.fclose(f);
end;
/
NOTICE:  fgets 1: partial=f, buf=[abc]
NOTICE:  fgets 2: partial=t, buf=[12345]
NOTICE:  fgets 3: partial=t, buf=[67890]
NOTICE:  fgets 4: partial=t, buf=[12345]
NOTICE:  fgets 5: partial=f, buf=[67890]
NOTICE:  fgets 6: partial=f, buf=[]
NOTICE:  fgets 7: partial=f, buf=[]
NOTICE:  fgets 8: partial=f, buf=[]
-- test FGETS through a NCHAR handle
-- Chinese text is stored and read back through FOPEN_NCHAR / FOPEN_NCHAR
-- handles, whose encoding is UTF8 regardless of the database encoding.
declare
    f sys.ora_utl_file_file_type;
    ok boolean;
    buf varchar2(100);
begin
    f := utl_file.fopen_nchar('data_directory', 'regress_fgets_nchar.txt', 'w');
    utl_file.put_line_nchar(f, '中文测试');
    utl_file.fclose(f);
    f := utl_file.fopen_nchar('data_directory', 'regress_fgets_nchar.txt', 'r');
    ok := utl_file.fgets_nchar(f, buf, 100);
    raise notice 'fgets_nchar 1: partial=%, buf=[%]', ok, buf;
    -- end of file
    ok := utl_file.fgets_nchar(f, buf, 100);
    raise notice 'fgets_nchar 2: partial=%, buf=[%]', ok, buf;
    utl_file.fclose(f);
end;
/
NOTICE:  fgets_nchar 1: partial=f, buf=[中文测试]
NOTICE:  fgets_nchar 2: partial=f, buf=[中文测试]
-- test GET_RAW: reads raw bytes, honors len, and reports end of file
-- (returns NULL / NO_DATA_FOUND) without raising
-- A PUT_RAW / GET_RAW round-trip must preserve the bytes exactly.
declare
    f sys.ora_utl_file_file_type;
    buf bytea;
begin
    f := utl_file.fopen('data_directory', 'regress_raw.dat', 'w');
    utl_file.put_raw(f, 'ABCDEFGH'::bytea, true);
    utl_file.fclose(f);
    f := utl_file.fopen('data_directory', 'regress_raw.dat', 'r');
    -- read exactly the requested number of bytes
    utl_file.get_raw(f, buf, 3);
    raise notice 'get_raw 1: hex=[%] len=%', rawtohex(buf), length(buf);
    -- read the rest (5 bytes remain, len is larger)
    utl_file.get_raw(f, buf, 100);
    raise notice 'get_raw 2: hex=[%] len=%', rawtohex(buf), length(buf);
    -- end of file: buffer becomes NULL (no more bytes)
    utl_file.get_raw(f, buf, 3);
    raise notice 'get_raw 3: at EOF, buf is null = %', buf is null;
    utl_file.fclose(f);
end;
/
NOTICE:  get_raw 1: hex=[414243] len=3
NOTICE:  get_raw 2: hex=[4445464748] len=5
NOTICE:  get_raw 3: at EOF, buf is null = t
-- test FOPEN with an explicit encoding (5-argument overload)
-- The encoding name is forwarded to the C implementation; an invalid
-- name is rejected just like an invalid open mode.
declare
    f sys.ora_utl_file_file_type;
begin
    f := utl_file.fopen('data_directory', 'regress_enc.txt', 'w', 1024, 'UTF8');
    utl_file.put_line(f, 'hello-enc');
    utl_file.fclose(f);
    f := utl_file.fopen('data_directory', 'regress_enc.txt', 'r', 1024, 'UTF8');
    raise notice 'fopen encoding: fgetpos=%', utl_file.fgetpos(f);
    utl_file.fclose(f);
    -- invalid encoding name must fail loudly
    begin
        f := utl_file.fopen('data_directory', 'regress_enc.txt', 'r', 1024, 'NO_SUCH_ENC');
    exception when others then
        raise notice 'fopen encoding: invalid name caught: %', sqlerrm;
    end;
end;
/
NOTICE:  fopen encoding: fgetpos=0
NOTICE:  fopen encoding: invalid name caught: invalid encoding name "NO_SUCH_ENC"
-- clean up
delete from sys.utl_file_directory where dirname = 'data_directory';
/
