-- varchar2 GiST index checks on multibyte (UTF8) values
--
-- The regression database is pinned to ENCODING = UTF8 (see the Makefile), so
-- pg_database_encoding_max_length() is greater than one and the byte-ahead
-- logic in gbt_var_node_cp_len() is exercised while the index is built and
-- probed.  All of the values share an ASCII prefix and then diverge inside
-- multibyte characters, so the common-prefix computation has to stop at a
-- character boundary instead of reading past the end of the key.  The values
-- also include pairs such as 'é' and 'ē' that have the same encoded length but
-- a different leading byte, which is where the old formula returned a bogus
-- (negative) prefix length.
CREATE TABLE varchar2utf8b (a varchar2(32 byte));
\copy varchar2utf8b from 'data/varchar2_utf8.data'
SET enable_seqscan=on;
SELECT count(*) FROM varchar2utf8b WHERE a <   'aab'::varchar2(32);
 count 
-------
     9
(1 row)

SELECT count(*) FROM varchar2utf8b WHERE a <=  'aab'::varchar2(32);
 count 
-------
    10
(1 row)

SELECT count(*) FROM varchar2utf8b WHERE a  =  'aab'::varchar2(32);
 count 
-------
     1
(1 row)

SELECT count(*) FROM varchar2utf8b WHERE a >=  'aab'::varchar2(32);
 count 
-------
     9
(1 row)

SELECT count(*) FROM varchar2utf8b WHERE a >   'aab'::varchar2(32);
 count 
-------
     8
(1 row)

CREATE INDEX utf8bidx ON varchar2utf8b USING GIST (a);
SET enable_seqscan=off;
SELECT count(*) FROM varchar2utf8b WHERE a <   'aab'::varchar2(32);
 count 
-------
     9
(1 row)

SELECT count(*) FROM varchar2utf8b WHERE a <=  'aab'::varchar2(32);
 count 
-------
    10
(1 row)

SELECT count(*) FROM varchar2utf8b WHERE a  =  'aab'::varchar2(32);
 count 
-------
     1
(1 row)

SELECT count(*) FROM varchar2utf8b WHERE a >=  'aab'::varchar2(32);
 count 
-------
     9
(1 row)

SELECT count(*) FROM varchar2utf8b WHERE a >   'aab'::varchar2(32);
 count 
-------
     8
(1 row)

-- Test index-only scans
SET enable_bitmapscan=off;
EXPLAIN (COSTS OFF)
SELECT count(*) FROM varchar2utf8b WHERE a BETWEEN 'aab' AND 'aac';
                               QUERY PLAN                                
-------------------------------------------------------------------------
 Aggregate
   ->  Index Only Scan using utf8bidx on varchar2utf8b
         Index Cond: ((a >= 'aab'::varchar2) AND (a <= 'aac'::varchar2))
(3 rows)

SELECT count(*) FROM varchar2utf8b WHERE a BETWEEN 'aab' AND 'aac';
 count 
-------
     5
(1 row)

EXPLAIN (COSTS OFF)
SELECT count(*) FROM varchar2utf8b WHERE a <> 'aab';
                      QUERY PLAN                       
-------------------------------------------------------
 Aggregate
   ->  Index Only Scan using utf8bidx on varchar2utf8b
         Index Cond: (a <> 'aab'::varchar2)
(3 rows)

SELECT count(*) FROM varchar2utf8b WHERE a <> 'aab';
 count 
-------
    17
(1 row)

-- varcharchar check
CREATE TABLE varchar2utf8c (a varchar2(32 char));
\copy varchar2utf8c from 'data/varchar2_utf8.data'
SET enable_seqscan=on;
SELECT count(*) FROM varchar2utf8c WHERE a <   'aab'::varchar2(32);
 count 
-------
     9
(1 row)

SELECT count(*) FROM varchar2utf8c WHERE a <=  'aab'::varchar2(32);
 count 
-------
    10
(1 row)

SELECT count(*) FROM varchar2utf8c WHERE a  =  'aab'::varchar2(32);
 count 
-------
     1
(1 row)

SELECT count(*) FROM varchar2utf8c WHERE a >=  'aab'::varchar2(32);
 count 
-------
     9
(1 row)

SELECT count(*) FROM varchar2utf8c WHERE a >   'aab'::varchar2(32);
 count 
-------
     8
(1 row)

CREATE INDEX utf8cidx ON varchar2utf8c USING GIST (a);
SET enable_seqscan=off;
SELECT count(*) FROM varchar2utf8c WHERE a <   'aab'::varchar2(32);
 count 
-------
     9
(1 row)

SELECT count(*) FROM varchar2utf8c WHERE a <=  'aab'::varchar2(32);
 count 
-------
    10
(1 row)

SELECT count(*) FROM varchar2utf8c WHERE a  =  'aab'::varchar2(32);
 count 
-------
     1
(1 row)

SELECT count(*) FROM varchar2utf8c WHERE a >=  'aab'::varchar2(32);
 count 
-------
     9
(1 row)

SELECT count(*) FROM varchar2utf8c WHERE a >   'aab'::varchar2(32);
 count 
-------
     8
(1 row)

-- Test index-only scans
SET enable_bitmapscan=off;
EXPLAIN (COSTS OFF)
SELECT count(*) FROM varchar2utf8c WHERE a BETWEEN 'aab' AND 'aac';
                               QUERY PLAN                                
-------------------------------------------------------------------------
 Aggregate
   ->  Index Only Scan using utf8cidx on varchar2utf8c
         Index Cond: ((a >= 'aab'::varchar2) AND (a <= 'aac'::varchar2))
(3 rows)

SELECT count(*) FROM varchar2utf8c WHERE a BETWEEN 'aab' AND 'aac';
 count 
-------
     5
(1 row)

EXPLAIN (COSTS OFF)
SELECT count(*) FROM varchar2utf8c WHERE a <> 'aab';
                      QUERY PLAN                       
-------------------------------------------------------
 Aggregate
   ->  Index Only Scan using utf8cidx on varchar2utf8c
         Index Cond: (a <> 'aab'::varchar2)
(3 rows)

SELECT count(*) FROM varchar2utf8c WHERE a <> 'aab';
 count 
-------
    17
(1 row)

